Archive member included because of file (symbol)

/home/snegovick/dev/arm/usr/bin/../lib/gcc/arm-elf/4.0.2/../../../../arm-elf/lib/thumb/interwork/libm.a(s_cos.o)
                              offt/radix4fft.o (cos)
/home/snegovick/dev/arm/usr/bin/../lib/gcc/arm-elf/4.0.2/../../../../arm-elf/lib/thumb/interwork/libm.a(s_sin.o)
                              offt/radix4fft.o (sin)
/home/snegovick/dev/arm/usr/bin/../lib/gcc/arm-elf/4.0.2/../../../../arm-elf/lib/thumb/interwork/libm.a(e_rem_pio2.o)
                              /home/snegovick/dev/arm/usr/bin/../lib/gcc/arm-elf/4.0.2/../../../../arm-elf/lib/thumb/interwork/libm.a(s_cos.o) (__ieee754_rem_pio2)
/home/snegovick/dev/arm/usr/bin/../lib/gcc/arm-elf/4.0.2/../../../../arm-elf/lib/thumb/interwork/libm.a(k_cos.o)
                              /home/snegovick/dev/arm/usr/bin/../lib/gcc/arm-elf/4.0.2/../../../../arm-elf/lib/thumb/interwork/libm.a(s_cos.o) (__kernel_cos)
/home/snegovick/dev/arm/usr/bin/../lib/gcc/arm-elf/4.0.2/../../../../arm-elf/lib/thumb/interwork/libm.a(k_rem_pio2.o)
                              /home/snegovick/dev/arm/usr/bin/../lib/gcc/arm-elf/4.0.2/../../../../arm-elf/lib/thumb/interwork/libm.a(e_rem_pio2.o) (__kernel_rem_pio2)
/home/snegovick/dev/arm/usr/bin/../lib/gcc/arm-elf/4.0.2/../../../../arm-elf/lib/thumb/interwork/libm.a(k_sin.o)
                              /home/snegovick/dev/arm/usr/bin/../lib/gcc/arm-elf/4.0.2/../../../../arm-elf/lib/thumb/interwork/libm.a(s_cos.o) (__kernel_sin)
/home/snegovick/dev/arm/usr/bin/../lib/gcc/arm-elf/4.0.2/../../../../arm-elf/lib/thumb/interwork/libm.a(s_fabs.o)
                              /home/snegovick/dev/arm/usr/bin/../lib/gcc/arm-elf/4.0.2/../../../../arm-elf/lib/thumb/interwork/libm.a(e_rem_pio2.o) (fabs)
/home/snegovick/dev/arm/usr/bin/../lib/gcc/arm-elf/4.0.2/../../../../arm-elf/lib/thumb/interwork/libm.a(s_floor.o)
                              /home/snegovick/dev/arm/usr/bin/../lib/gcc/arm-elf/4.0.2/../../../../arm-elf/lib/thumb/interwork/libm.a(k_rem_pio2.o) (floor)
/home/snegovick/dev/arm/usr/bin/../lib/gcc/arm-elf/4.0.2/../../../../arm-elf/lib/thumb/interwork/libm.a(s_scalbn.o)
                              /home/snegovick/dev/arm/usr/bin/../lib/gcc/arm-elf/4.0.2/../../../../arm-elf/lib/thumb/interwork/libm.a(k_rem_pio2.o) (scalbn)
/home/snegovick/dev/arm/usr/bin/../lib/gcc/arm-elf/4.0.2/../../../../arm-elf/lib/thumb/interwork/libm.a(s_copysign.o)
                              /home/snegovick/dev/arm/usr/bin/../lib/gcc/arm-elf/4.0.2/../../../../arm-elf/lib/thumb/interwork/libm.a(s_scalbn.o) (copysign)
/home/snegovick/dev/arm/usr/bin/../lib/gcc/arm-elf/4.0.2/thumb/interwork/libgcc.a(_udivsi3.o)
                              pwmc/pwmc.o (__udivsi3)
/home/snegovick/dev/arm/usr/bin/../lib/gcc/arm-elf/4.0.2/thumb/interwork/libgcc.a(_divsi3.o)
                              /home/snegovick/dev/arm/usr/bin/../lib/gcc/arm-elf/4.0.2/../../../../arm-elf/lib/thumb/interwork/libm.a(k_rem_pio2.o) (__divsi3)
/home/snegovick/dev/arm/usr/bin/../lib/gcc/arm-elf/4.0.2/thumb/interwork/libgcc.a(_modsi3.o)
                              locator/locator_task.o (__modsi3)
/home/snegovick/dev/arm/usr/bin/../lib/gcc/arm-elf/4.0.2/thumb/interwork/libgcc.a(_dvmd_tls.o)
                              /home/snegovick/dev/arm/usr/bin/../lib/gcc/arm-elf/4.0.2/thumb/interwork/libgcc.a(_udivsi3.o) (__div0)
/home/snegovick/dev/arm/usr/bin/../lib/gcc/arm-elf/4.0.2/thumb/interwork/libgcc.a(_addsubdf3.o)
                              offt/radix4fft.o (__subdf3)
/home/snegovick/dev/arm/usr/bin/../lib/gcc/arm-elf/4.0.2/thumb/interwork/libgcc.a(_muldivdf3.o)
                              offt/radix4fft.o (__muldf3)
/home/snegovick/dev/arm/usr/bin/../lib/gcc/arm-elf/4.0.2/thumb/interwork/libgcc.a(_cmpdf2.o)
                              /home/snegovick/dev/arm/usr/bin/../lib/gcc/arm-elf/4.0.2/../../../../arm-elf/lib/thumb/interwork/libm.a(s_floor.o) (__gtdf2)
/home/snegovick/dev/arm/usr/bin/../lib/gcc/arm-elf/4.0.2/thumb/interwork/libgcc.a(_fixdfsi.o)
                              offt/radix4fft.o (__fixdfsi)
/home/snegovick/dev/arm/usr/bin/../lib/gcc/arm-elf/4.0.2/../../../../arm-elf/lib/thumb/interwork/libc.a(exit.o)
                              offt/radix4fft.o (exit)
/home/snegovick/dev/arm/usr/bin/../lib/gcc/arm-elf/4.0.2/../../../../arm-elf/lib/thumb/interwork/libc.a(fprintf.o)
                              offt/radix4fft.o (fprintf)
/home/snegovick/dev/arm/usr/bin/../lib/gcc/arm-elf/4.0.2/../../../../arm-elf/lib/thumb/interwork/libc.a(impure.o)
                              /home/snegovick/dev/arm/usr/bin/../lib/gcc/arm-elf/4.0.2/../../../../arm-elf/lib/thumb/interwork/libc.a(exit.o) (_global_impure_ptr)
/home/snegovick/dev/arm/usr/bin/../lib/gcc/arm-elf/4.0.2/../../../../arm-elf/lib/thumb/interwork/libc.a(memcpy.o)
                              ../../low_rtos/FreeRTOS/Source/queue.o (memcpy)
/home/snegovick/dev/arm/usr/bin/../lib/gcc/arm-elf/4.0.2/../../../../arm-elf/lib/thumb/interwork/libc.a(memset.o)
[...]
Memory Configuration

Name             Origin             Length             Attributes
flash            0x0000000000100000 0x0000000000040000
ram              0x0000000000200000 0x0000000000010000
*default*        0x0000000000000000 0xffffffffffffffff

Linker script and memory map

LOAD ../../low_rtos/FreeRTOS/Source/portable/GCC/ARM7_AT91SAM7S/portISR.o
LOAD ./SrcAtmel/Cstartup_SAM7.o
LOAD USB/USBIsr.o
LOAD offt/radix4fft.o
LOAD locator/locator_isr.o
LOAD main.o
LOAD ../../low_rtos/FreeRTOS/Source/list.o
LOAD ../../low_rtos/FreeRTOS/Source/queue.o
LOAD ../../low_rtos/FreeRTOS/Source/tasks.o
LOAD ../../low_rtos/FreeRTOS/Source/portable/GCC/ARM7_AT91SAM7S/port.o
LOAD ../../low_rtos/FreeRTOS/Source/portable/MemMang/heap_2.o
LOAD aic/aic.o
LOAD pwmc/pwmc.o
LOAD pio/pio.o
LOAD USB/USB-CDC.o
LOAD locator/locator_task.o
LOAD adc/adc.o
LOAD tc/tc.o
LOAD locator/locator.o
LOAD /tmp/cc1PjRQ9.o
LOAD /home/snegovick/dev/arm/usr/bin/../lib/gcc/arm-elf/4.0.2/../../../../arm-elf/lib/thumb/interwork/libm.a
LOAD /home/snegovick/dev/arm/usr/bin/../lib/gcc/arm-elf/4.0.2/thumb/interwork/libgcc.a
LOAD /home/snegovick/dev/arm/usr/bin/../lib/gcc/arm-elf/4.0.2/../../../../arm-elf/lib/thumb/interwork/libc.a
LOAD /home/snegovick/dev/arm/usr/bin/../lib/gcc/arm-elf/4.0.2/thumb/interwork/libgcc.a
                0x000000000020fffc                __stack_end__ = 0x20fffc
                0x0000000000000000                . = 0x0

startup         0x0000000000100000       0x44
 *(.startup)
 .startup       0x0000000000100000       0x44 /tmp/cc1PjRQ9.o

prog            0x0000000000100044     0xc7d0
 *(.text)
 .text          0x0000000000100044      0x254 ../../low_rtos/FreeRTOS/Source/portable/GCC/ARM7_AT91SAM7S/portISR.o
                0x0000000000100134                vPreemptiveTick
                0x000000000010024c                vPortExitCritical
                0x0000000000100090                vPortYieldProcessor
                0x00000000001001f0                vPortDisableInterruptsFromThumb
                0x0000000000100044                vPortISRStartFirstTask
                0x0000000000100208                vPortEnableInterruptsFromThumb
                0x0000000000100220                vPortEnterCritical
 .text          0x0000000000100298       0xac ./SrcAtmel/Cstartup_SAM7.o
                0x0000000000100298                AT91F_LowLevelInit
 .text          0x0000000000100344      0x268 USB/USBIsr.o
                0x0000000000100344                vUSB_ISR_Handler
                0x0000000000100504                vUSB_ISR_Wrapper
 .text          0x00000000001005ac      0xf3c offt/radix4fft.o
                0x0000000000100bd0                DoFFT
                0x0000000000101460                InitFFTTables
 .text          0x00000000001014e8      0x31c locator/locator_isr.o
                0x0000000000101618                ISR_Tc0
                0x00000000001014e8                vLOC_ISR_Handler
                0x0000000000101578                vLOC_ISR_Wrapper
                0x000000000010175c                vLOC_TC_ISR_Wrapper
 .text          0x0000000000101804       0xd4 main.o
                0x0000000000101804                main
                0x0000000000101894                vApplicationIdleHook
 .text          0x00000000001018d8       0xac ../../low_rtos/FreeRTOS/Source/list.o
                0x00000000001018f8                vListInsertEnd
                0x0000000000101960                vListRemove
                0x00000000001018f0                vListInitialiseItem
                0x00000000001018d8                vListInitialise
                0x0000000000101914                vListInsert
 .text          0x0000000000101984      0x584 ../../low_rtos/FreeRTOS/Source/queue.o
                0x0000000000101a8c                xQueueGenericSendFromISR
                0x0000000000101984                xQueueCreate
                0x0000000000101a0c                vQueueDelete
                0x0000000000101d4c                xQueueGenericSend
                0x0000000000101a24                xQueueReceiveFromISR
                0x0000000000101bc4                xQueueIsQueueFullFromISR
                0x0000000000101bd8                xQueueGenericReceive
                0x00000000001019f0                uxQueueMessagesWaiting
                0x0000000000101a08                uxQueueMessagesWaitingFromISR
                0x0000000000101bb8                xQueueIsQueueEmptyFromISR
                0x0000000000101ec0                xQueueCreateMutex
 .text          0x0000000000101f08      0xbf0 ../../low_rtos/FreeRTOS/Source/tasks.o
                0x0000000000101f18                uxTaskPriorityGet
                0x0000000000101f40                vTaskPrioritySet
                0x0000000000101fe4                vTaskEndScheduler
                0x000000000010222c                vTaskPlaceOnEventList
                0x000000000010212c                ulTaskEndTrace
                0x00000000001020c8                xTaskGetTickCount
                0x0000000000102284                xTaskRemoveFromEventList
                0x00000000001020f0                vTaskStartTrace
                0x0000000000102610                xTaskCheckForTimeOut
                0x0000000000101f08                vTaskSuspendAll
                0x00000000001025c4                vTaskPriorityDisinherit
                0x0000000000102558                vTaskPriorityInherit
                0x0000000000102158                vTaskSwitchContext
                0x00000000001020e4                uxTaskGetNumberOfTasks
                0x0000000000101ffc                vTaskIncrementTick
                0x000000000010280c                vTaskList
                0x0000000000102a6c                vTaskDelayUntil
                0x000000000010254c                xTaskGetCurrentTaskHandle
                0x0000000000102530                usTaskCheckFreeStackSpace
                0x0000000000102668                xTaskResumeAll
                0x00000000001024e8                vTaskStartScheduler
                0x0000000000102318                vTaskMissedYield
                0x000000000010233c                xTaskCreate
                0x0000000000102a04                vTaskDelay
                0x0000000000102300                vTaskSetTimeOutState
 .text          0x0000000000102af8       0xec ../../low_rtos/FreeRTOS/Source/portable/GCC/ARM7_AT91SAM7S/port.o
                0x0000000000102b9c                xPortStartScheduler
                0x0000000000102be0                vPortEndScheduler
                0x0000000000102af8                pxPortInitialiseStack
 .text          0x0000000000102be4       0xe8 ../../low_rtos/FreeRTOS/Source/portable/MemMang/heap_2.o
                0x0000000000102c9c                vPortFree
                0x0000000000102be4                pvPortMalloc
 .text          0x0000000000102ccc       0x54 aic/aic.o
                0x0000000000102d0c                AIC_DisableIT
                0x0000000000102cf8                AIC_EnableIT
                0x0000000000102ccc                AIC_ConfigureIT
 .text          0x0000000000102d20      0x20c pwmc/pwmc.o
                0x0000000000102de4                PWMC_EnableChannel
                0x0000000000102e0c                PWMC_EnableChannelIt
                0x0000000000102e34                PWMC_ConfigureClocks
                0x0000000000102e20                PWMC_DisableChannelIt
                0x0000000000102d94                PWMC_SetDutyCycle
                0x0000000000102df8                PWMC_DisableChannel
                0x0000000000102d20                PWMC_ConfigureChannel
                0x0000000000102d48                PWMC_SetPeriod
 .text          0x0000000000102f2c      0x170 pio/pio.o
                0x000000000010304c                PIO_Get
                0x0000000000102f2c                PIO_Configure
                0x0000000000103044                PIO_Clear
                0x0000000000103078                PIO_GetOutputDataStatus
                0x000000000010303c                PIO_Set
                0x0000000000103094                PIO_GetISR
 .text          0x000000000010309c      0xadc USB/USB-CDC.o
                0x000000000010309c                vUSBSendByte
                0x00000000001032c0                vUSBCDCTask
 .text          0x0000000000103b78      0x4e8 locator/locator_task.o
                0x0000000000103ba0                loc_writecommand
                0x0000000000103b78                vStartLocatorTask
                0x0000000000103c70                arcontrol
                0x0000000000103cb4                vLocatorTask
 .text          0x0000000000104060      0x1a4 adc/adc.o
                0x0000000000104080                ADC_StartConversion
                0x000000000010407c                ADC_GetChannelStatus
                0x0000000000104074                ADC_DisableChannel
                0x00000000001040c0                ADC_EnableIt
                0x0000000000104068                ADC_GetModeReg
                0x0000000000104060                ADC_SoftReset
                0x0000000000104110                ADC_GetStatus
                0x0000000000104114                ADC_GetInterruptMaskStatus
                0x0000000000104138                ADC_IsInterruptMasked
                0x0000000000104140                ADC_Initialize
                0x00000000001040ec                ADC_DisableIt
                0x0000000000104118                ADC_IsChannelInterruptStatusSet
                0x0000000000104130                ADC_IsStatusSet
                0x000000000010408c                ADC_GetConvertedData
                0x0000000000104088                ADC_GetLastConvertedData
                0x000000000010406c                ADC_EnableChannel
                0x00000000001040e4                ADC_EnableDataReadyIt
 .text          0x0000000000104204       0xc4 tc/tc.o
                0x0000000000104224                TC_FindMckDivisor
                0x0000000000104204                TC_Configure
                0x000000000010421c                TC_Stop
                0x0000000000104214                TC_Start
 .text          0x00000000001042c8       0x18 locator/locator.o
                0x00000000001042c8                ConvHex2mV
 .text          0x00000000001042e0       0xd0 /tmp/cc1PjRQ9.o
                0x00000000001042e0                start
                0x0000000000104390                endless_loop
 .text          0x00000000001043b0       0xc0 /home/snegovick/dev/arm/usr/bin/../lib/gcc/arm-elf/4.0.2/../../../../arm-elf/lib/thumb/interwork/libm.a(s_cos.o)
                0x00000000001043b0                cos
 .text          0x0000000000104470       0xc4 /home/snegovick/dev/arm/usr/bin/../lib/gcc/arm-elf/4.0.2/../../../../arm-elf/lib/thumb/interwork/libm.a(s_sin.o)
                0x0000000000104470                sin
 .text          0x0000000000104534      0x434 /home/snegovick/dev/arm/usr/bin/../lib/gcc/arm-elf/4.0.2/../../../../arm-elf/lib/thumb/interwork/libm.a(e_rem_pio2.o)
                0x0000000000104534                __ieee754_rem_pio2
 .text          0x0000000000104968      0x20c /home/snegovick/dev/arm/usr/bin/../lib/gcc/arm-elf/4.0.2/../../../../arm-elf/lib/thumb/interwork/libm.a(k_cos.o)
                0x0000000000104968                __kernel_cos
 .text          0x0000000000104b74      0x8d4 /home/snegovick/dev/arm/usr/bin/../lib/gcc/arm-elf/4.0.2/../../../../arm-elf/lib/thumb/interwork/libm.a(k_rem_pio2.o)
                0x0000000000104b74                __kernel_rem_pio2
 .text          0x0000000000105448      0x180 /home/snegovick/dev/arm/usr/bin/../lib/gcc/arm-elf/4.0.2/../../../../arm-elf/lib/thumb/interwork/libm.a(k_sin.o)
                0x0000000000105448                __kernel_sin
 .text          0x00000000001055c8       0x14 /home/snegovick/dev/arm/usr/bin/../lib/gcc/arm-elf/4.0.2/../../../../arm-elf/lib/thumb/interwork/libm.a(s_fabs.o)
                0x00000000001055c8                fabs
 .text          0x00000000001055dc      0x16c /home/snegovick/dev/arm/usr/bin/../lib/gcc/arm-elf/4.0.2/../../../../arm-elf/lib/thumb/interwork/libm.a(s_floor.o)
                0x00000000001055dc                floor
 .text          0x0000000000105748      0x130 /home/snegovick/dev/arm/usr/bin/../lib/gcc/arm-elf/4.0.2/../../../../arm-elf/lib/thumb/interwork/libm.a(s_scalbn.o)
                0x0000000000105748                scalbn
 .text          0x0000000000105878       0x28 /home/snegovick/dev/arm/usr/bin/../lib/gcc/arm-elf/4.0.2/../../../../arm-elf/lib/thumb/interwork/libm.a(s_copysign.o)
                0x0000000000105878                copysign
 .text          0x00000000001058a0       0x8c /home/snegovick/dev/arm/usr/bin/../lib/gcc/arm-elf/4.0.2/thumb/interwork/libgcc.a(_udivsi3.o)
                0x00000000001058a0                __udivsi3
                0x000000000010591c                __aeabi_uidivmod
 .text          0x000000000010592c       0xa4 /home/snegovick/dev/arm/usr/bin/../lib/gcc/arm-elf/4.0.2/thumb/interwork/libgcc.a(_divsi3.o)
                0x000000000010592c                __divsi3
                0x00000000001059c0                __aeabi_idivmod
 .text          0x00000000001059d0       0xd8 /home/snegovick/dev/arm/usr/bin/../lib/gcc/arm-elf/4.0.2/thumb/interwork/libgcc.a(_modsi3.o)
                0x00000000001059d0                __modsi3
 .text          0x0000000000105aa8        0x4 /home/snegovick/dev/arm/usr/bin/../lib/gcc/arm-elf/4.0.2/thumb/interwork/libgcc.a(_dvmd_tls.o)
                0x0000000000105aa8                __aeabi_ldiv0
                0x0000000000105aa8                __div0
                0x0000000000105aa8                __aeabi_idiv0
 .text          0x0000000000105aac      0x430 /home/snegovick/dev/arm/usr/bin/../lib/gcc/arm-elf/4.0.2/thumb/interwork/libgcc.a(_addsubdf3.o)
                0x0000000000105e70                __floatdidf
                0x0000000000105df0                __floatsidf
                0x0000000000105dc8                __aeabi_ui2d
                0x0000000000105aac                __aeabi_drsub
                0x0000000000105e1c                __extendsfdf2
                0x0000000000105ab8                __adddf3
                0x0000000000105dc8                __floatunsidf
                0x0000000000105ab8                __aeabi_dadd
                0x0000000000105e5c                __aeabi_ul2d
                0x0000000000105ab4                __aeabi_dsub
                0x0000000000105e5c                __floatundidf
                0x0000000000105df0                __aeabi_i2d
                0x0000000000105e70                __aeabi_l2d
                0x0000000000105e1c                __aeabi_f2d
                0x0000000000105ab4                __subdf3
 .text          0x0000000000105edc      0x49c /home/snegovick/dev/arm/usr/bin/../lib/gcc/arm-elf/4.0.2/thumb/interwork/libgcc.a(_muldivdf3.o)
                0x000000000010616c                __aeabi_ddiv
                0x0000000000105edc                __aeabi_dmul
                0x000000000010616c                __divdf3
                0x0000000000105edc                __muldf3
 .text          0x0000000000106378      0x140 /home/snegovick/dev/arm/usr/bin/../lib/gcc/arm-elf/4.0.2/thumb/interwork/libgcc.a(_cmpdf2.o)
                0x0000000000106470                __aeabi_dcmple
                0x0000000000106388                __cmpdf2
                0x0000000000106388                __eqdf2
                0x0000000000106378                __gtdf2
                0x0000000000106428                __aeabi_cdcmple
                0x000000000010640c                __aeabi_cdrcmple
                0x0000000000106380                __ltdf2
                0x0000000000106458                __aeabi_dcmplt
                0x0000000000106380                __ledf2
                0x00000000001064a0                __aeabi_dcmpgt
                0x0000000000106488                __aeabi_dcmpge
                0x0000000000106388                __nedf2
                0x0000000000106440                __aeabi_dcmpeq
                0x0000000000106428                __aeabi_cdcmpeq
                0x0000000000106378                __gedf2
 .text          0x00000000001064b8       0x5c /home/snegovick/dev/arm/usr/bin/../lib/gcc/arm-elf/4.0.2/thumb/interwork/libgcc.a(_fixdfsi.o)
                0x00000000001064b8                __fixdfsi
                0x00000000001064b8                __aeabi_d2iz
 .text          0x0000000000106514       0x28 /home/snegovick/dev/arm/usr/bin/../lib/gcc/arm-elf/4.0.2/../../../../arm-elf/lib/thumb/interwork/libc.a(exit.o)
                0x0000000000106514                exit
 .text          0x000000000010653c       0x18 /home/snegovick/dev/arm/usr/bin/../lib/gcc/arm-elf/4.0.2/../../../../arm-elf/lib/thumb/interwork/libc.a(fprintf.o)
                0x000000000010653c                fprintf
 .text          0x0000000000106554       0x68 /home/snegovick/dev/arm/usr/bin/../lib/gcc/arm-elf/4.0.2/../../../../arm-elf/lib/thumb/interwork/libc.a(memcpy.o)
                0x0000000000106554                memcpy
 .text          0x00000000001065bc       0x68 /home/snegovick/dev/arm/usr/bin/../lib/gcc/arm-elf/4.0.2/../../../../arm-elf/lib/thumb/interwork/libc.a(memset.o)
                0x00000000001065bc                memset
 .text          0x0000000000106624       0x84 /home/snegovick/dev/arm/usr/bin/../lib/gcc/arm-elf/4.0.2/../../../../arm-elf/lib/thumb/interwork/libc.a(sprintf.o)
                0x0000000000106624                _sprintf_r
                0x0000000000106664                sprintf
 .text          0x00000000001066a8       0x50 /home/snegovick/dev/arm/usr/bin/../lib/gcc/arm-elf/4.0.2/../../../../arm-elf/lib/thumb/interwork/libc.a(strcat.o)
                0x00000000001066a8                strcat
 .text          0x00000000001066f8       0x60 /home/snegovick/dev/arm/usr/bin/../lib/gcc/arm-elf/4.0.2/../../../../arm-elf/lib/thumb/interwork/libc.a(strcpy.o)
                0x00000000001066f8                strcpy
 .text          0x0000000000106758       0x84 /home/snegovick/dev/arm/usr/bin/../lib/gcc/arm-elf/4.0.2/../../../../arm-elf/lib/thumb/interwork/libc.a(strncpy.o)
                0x0000000000106758                strncpy
 .text          0x00000000001067dc      0x504 /home/snegovick/dev/arm/usr/bin/../lib/gcc/arm-elf/4.0.2/../../../../arm-elf/lib/thumb/interwork/libc.a(syscalls.o)
                0x0000000000106848                _getpid
                0x0000000000106910                initialise_monitor_handles
                0x00000000001068e0                isatty
                0x0000000000106884                _fstat
                0x0000000000106b94                _open
                0x000000000010684c                _sbrk
                0x00000000001068b8                _raise
                0x00000000001068bc                _times
                0x0000000000106ba8                _stat
                0x0000000000106af8                _lseek
                0x00000000001068a8                _link
                0x0000000000106a4c                _swiwrite
                0x00000000001068fc                _rename
                0x00000000001069c0                _swilseek
                0x0000000000106a74                _swiclose
                0x0000000000106b08                _swiopen
                0x00000000001068b0                _unlink
                0x0000000000106be4                _write
                0x0000000000106c98                _kill
                0x0000000000106cb4                _gettimeofday
                0x0000000000106c34                _read
                0x0000000000106c80                _exit
                0x00000000001068e4                _system
                0x0000000000106998                _swiread
                0x0000000000106ae8                _close
 .text          0x0000000000106ce0     0x1900 /home/snegovick/dev/arm/usr/bin/../lib/gcc/arm-elf/4.0.2/../../../../arm-elf/lib/thumb/interwork/libc.a(vfprintf.o)
                0x0000000000106d00                _vfprintf_r
                0x00000000001085c0                vfprintf
 .text          0x00000000001085e0       0x54 /home/snegovick/dev/arm/usr/bin/../lib/gcc/arm-elf/4.0.2/../../../../arm-elf/lib/thumb/interwork/libc.a(wcrtomb.o)
                0x00000000001085e0                _wcrtomb_r
                0x0000000000108614                wcrtomb
 .text          0x0000000000108634      0x100 /home/snegovick/dev/arm/usr/bin/../lib/gcc/arm-elf/4.0.2/../../../../arm-elf/lib/thumb/interwork/libc.a(wcsrtombs.o)
                0x0000000000108634                _wcsrtombs_r
                0x000000000010870c                wcsrtombs
 .text          0x0000000000108734      0x2a8 /home/snegovick/dev/arm/usr/bin/../lib/gcc/arm-elf/4.0.2/../../../../arm-elf/lib/thumb/interwork/libc.a(wctomb_r.o)
                0x0000000000108734                _wctomb_r
 .text          0x00000000001089dc       0xa8 /home/snegovick/dev/arm/usr/bin/../lib/gcc/arm-elf/4.0.2/../../../../arm-elf/lib/thumb/interwork/libc.a(wsetup.o)
                0x00000000001089dc                __swsetup
 .text          0x0000000000108a84      0x114 /home/snegovick/dev/arm/usr/bin/../lib/gcc/arm-elf/4.0.2/../../../../arm-elf/lib/thumb/interwork/libc.a(__call_atexit.o)
                0x0000000000108a84                __call_exitprocs
 .text          0x0000000000108b98      0xf08 /home/snegovick/dev/arm/usr/bin/../lib/gcc/arm-elf/4.0.2/../../../../arm-elf/lib/thumb/interwork/libc.a(dtoa.o)
                0x0000000000108ce8                _dtoa_r
 .text          0x0000000000109aa0        0xc /home/snegovick/dev/arm/usr/bin/../lib/gcc/arm-elf/4.0.2/../../../../arm-elf/lib/thumb/interwork/libc.a(errno.o)
                0x0000000000109aa0                __errno
 .text          0x0000000000109aac       0x90 /home/snegovick/dev/arm/usr/bin/../lib/gcc/arm-elf/4.0.2/../../../../arm-elf/lib/thumb/interwork/libc.a(fflush.o)
                0x0000000000109aac                fflush
 .text          0x0000000000109b3c      0x1c0 /home/snegovick/dev/arm/usr/bin/../lib/gcc/arm-elf/4.0.2/../../../../arm-elf/lib/thumb/interwork/libc.a(findfp.o)
                0x0000000000109bdc                __sinit
                0x0000000000109b74                __sfmoreglue
                0x0000000000109bc0                _cleanup
                0x0000000000109bb0                _cleanup_r
                0x0000000000109ccc                __fp_lock_all
                0x0000000000109ba8                __sfp_lock_acquire
                0x0000000000109c38                __sfp
                0x0000000000109bd8                __sinit_lock_release
                0x0000000000109ce4                __fp_unlock_all
                0x0000000000109bac                __sfp_lock_release
                0x0000000000109bd4                __sinit_lock_acquire
 .text          0x0000000000109cfc      0x260 /home/snegovick/dev/arm/usr/bin/../lib/gcc/arm-elf/4.0.2/../../../../arm-elf/lib/thumb/interwork/libc.a(freer.o)
                0x0000000000109d9c                _free_r
                0x0000000000109cfc                _malloc_trim_r
 .text          0x0000000000109f5c      0x2a8 /home/snegovick/dev/arm/usr/bin/../lib/gcc/arm-elf/4.0.2/../../../../arm-elf/lib/thumb/interwork/libc.a(fvwrite.o)
                0x0000000000109f5c                __sfvwrite
 .text          0x000000000010a204       0xe0 /home/snegovick/dev/arm/usr/bin/../lib/gcc/arm-elf/4.0.2/../../../../arm-elf/lib/thumb/interwork/libc.a(fwalk.o)
                0x000000000010a204                _fwalk
                0x000000000010a270                _fwalk_reent
 .text          0x000000000010a2e4       0x80 /home/snegovick/dev/arm/usr/bin/../lib/gcc/arm-elf/4.0.2/../../../../arm-elf/lib/thumb/interwork/libc.a(locale.o)
                0x000000000010a2e4                _setlocale_r
                0x000000000010a320                __locale_charset
                0x000000000010a32c                _localeconv_r
                0x000000000010a334                setlocale
                0x000000000010a350                localeconv
 .text          0x000000000010a364       0xe0 /home/snegovick/dev/arm/usr/bin/../lib/gcc/arm-elf/4.0.2/../../../../arm-elf/lib/thumb/interwork/libc.a(makebuf.o)
                0x000000000010a364                __smakebuf
 .text          0x000000000010a444       0x28 /home/snegovick/dev/arm/usr/bin/../lib/gcc/arm-elf/4.0.2/../../../../arm-elf/lib/thumb/interwork/libc.a(malloc.o)
                0x000000000010a444                malloc
                0x000000000010a458                free
 .text          0x000000000010a46c      0x548 /home/snegovick/dev/arm/usr/bin/../lib/gcc/arm-elf/4.0.2/../../../../arm-elf/lib/thumb/interwork/libc.a(mallocr.o)
                0x000000000010a46c                _malloc_r
 .text          0x000000000010a9b4       0x90 /home/snegovick/dev/arm/usr/bin/../lib/gcc/arm-elf/4.0.2/../../../../arm-elf/lib/thumb/interwork/libc.a(memchr.o)
                0x000000000010a9b4                memchr
 .text          0x000000000010aa44       0x90 /home/snegovick/dev/arm/usr/bin/../lib/gcc/arm-elf/4.0.2/../../../../arm-elf/lib/thumb/interwork/libc.a(memmove.o)
                0x000000000010aa44                memmove
 .text          0x000000000010aad4        0x8 /home/snegovick/dev/arm/usr/bin/../lib/gcc/arm-elf/4.0.2/../../../../arm-elf/lib/thumb/interwork/libc.a(mlock.o)
                0x000000000010aad8                __malloc_unlock
                0x000000000010aad4                __malloc_lock
 .text          0x000000000010aadc      0x8f4 /home/snegovick/dev/arm/usr/bin/../lib/gcc/arm-elf/4.0.2/../../../../arm-elf/lib/thumb/interwork/libc.a(mprec.o)
                0x000000000010b38c                _mprec_log10
                0x000000000010ac88                _hi0bits
                0x000000000010aadc                _Balloc
                0x000000000010b250                _d2b
                0x000000000010ad5c                _multiply
                0x000000000010b338                _ratio
                0x000000000010abe8                _s2b
                0x000000000010ad44                _i2b
                0x000000000010acd8                _lo0bits
                0x000000000010affc                __mcmp
                0x000000000010aea8                _pow5mult
                0x000000000010b138                _ulp
                0x000000000010b18c                _b2d
                0x000000000010ab4c                _multadd
                0x000000000010b040                __mdiff
                0x000000000010af48                _lshift
                0x000000000010ab34                _Bfree
 .text          0x000000000010b3d0      0x3ac /home/snegovick/dev/arm/usr/bin/../lib/gcc/arm-elf/4.0.2/../../../../arm-elf/lib/thumb/interwork/libc.a(reallocr.o)
                0x000000000010b3d0                _realloc_r
 .text          0x000000000010b77c       0x28 /home/snegovick/dev/arm/usr/bin/../lib/gcc/arm-elf/4.0.2/../../../../arm-elf/lib/thumb/interwork/libc.a(sbrkr.o)
                0x000000000010b77c                _sbrk_r
 .text          0x000000000010b7a4       0x24 /home/snegovick/dev/arm/usr/bin/../lib/gcc/arm-elf/4.0.2/../../../../arm-elf/lib/thumb/interwork/libc.a(s_isinf.o)
                0x000000000010b7a4                isinf
 .text          0x000000000010b7c8       0x1c /home/snegovick/dev/arm/usr/bin/../lib/gcc/arm-elf/4.0.2/../../../../arm-elf/lib/thumb/interwork/libc.a(s_isnan.o)
                0x000000000010b7c8                isnan
 .text          0x000000000010b7e4       0xe4 /home/snegovick/dev/arm/usr/bin/../lib/gcc/arm-elf/4.0.2/../../../../arm-elf/lib/thumb/interwork/libc.a(stdio.o)
                0x000000000010b86c                __sseek
                0x000000000010b7e4                __sread
                0x000000000010b8ac                __sclose
                0x000000000010b820                __swrite
 .text          0x000000000010b8c8       0x88 /home/snegovick/dev/arm/usr/bin/../lib/gcc/arm-elf/4.0.2/../../../../arm-elf/lib/thumb/interwork/libc.a(strcmp.o)
                0x000000000010b8c8                strcmp
 .text          0x000000000010b950       0x48 /home/snegovick/dev/arm/usr/bin/../lib/gcc/arm-elf/4.0.2/../../../../arm-elf/lib/thumb/interwork/libc.a(strlen.o)
                0x000000000010b950                strlen
 .text          0x000000000010b998       0x2c /home/snegovick/dev/arm/usr/bin/../lib/gcc/arm-elf/4.0.2/../../../../arm-elf/lib/thumb/interwork/libc.a(writer.o)
                0x000000000010b998                _write_r
 .text          0x000000000010b9c4       0x64 /home/snegovick/dev/arm/usr/bin/../lib/gcc/arm-elf/4.0.2/../../../../arm-elf/lib/thumb/interwork/libc.a(callocr.o)
                0x000000000010b9c4                _calloc_r
 .text          0x000000000010ba28       0x28 /home/snegovick/dev/arm/usr/bin/../lib/gcc/arm-elf/4.0.2/../../../../arm-elf/lib/thumb/interwork/libc.a(closer.o)
                0x000000000010ba28                _close_r
 .text          0x000000000010ba50       0xbc /home/snegovick/dev/arm/usr/bin/../lib/gcc/arm-elf/4.0.2/../../../../arm-elf/lib/thumb/interwork/libc.a(fclose.o)
                0x000000000010ba50                _fclose_r
                0x000000000010baf4                fclose
 .text          0x000000000010bb0c       0x2c /home/snegovick/dev/arm/usr/bin/../lib/gcc/arm-elf/4.0.2/../../../../arm-elf/lib/thumb/interwork/libc.a(fstatr.o)
                0x000000000010bb0c                _fstat_r
 .text          0x000000000010bb38       0x2c /home/snegovick/dev/arm/usr/bin/../lib/gcc/arm-elf/4.0.2/../../../../arm-elf/lib/thumb/interwork/libc.a(lseekr.o)
                0x000000000010bb38                _lseek_r
 .text          0x000000000010bb64       0x2c /home/snegovick/dev/arm/usr/bin/../lib/gcc/arm-elf/4.0.2/../../../../arm-elf/lib/thumb/interwork/libc.a(readr.o)
                0x000000000010bb64                _read_r
 .text          0x000000000010bb90      0x118 /home/snegovick/dev/arm/usr/bin/../lib/gcc/arm-elf/4.0.2/../../../../arm-elf/lib/thumb/interwork/libc.a(reent.o)
                0x000000000010bb90                cleanup_glue
                0x000000000010bbb0                _reclaim_reent
                0x000000000010bc44                _wrapup_reent
 .text          0x000000000010bca8       0xc8 /home/snegovick/dev/arm/usr/bin/../lib/gcc/arm-elf/4.0.2/thumb/interwork/libgcc.a(_umodsi3.o)
                0x000000000010bca8                __umodsi3
 *(.rodata)
 .rodata        0x000000000010bd70       0x84 main.o
 .rodata        0x000000000010bdf4       0x2c pwmc/pwmc.o
 .rodata        0x000000000010be20       0x14 pio/pio.o
 .rodata        0x000000000010be34      0x258 USB/USB-CDC.o
                0x000000000010be95                pxDeviceDescriptor
                0x000000000010bf0f                pxManufacturerStringDescriptor
                0x000000000010be34                pxReportDescriptor
                0x000000000010bea7                pxInterfaceStringDescriptor
                0x000000000010beeb                pxProductStringDescriptor
                0x000000000010bf21                pxLanguageStringDescriptor
                0x000000000010bec5                pxConfigurationStringDescriptor
                0x000000000010be52                pxConfigDescriptor
 .rodata        0x000000000010c08c       0x30 locator/locator_task.o
 .rodata        0x000000000010c0bc       0x20 adc/adc.o
 .rodata        0x000000000010c0dc       0x14 tc/tc.o
 .rodata        0x000000000010c0f0      0x188 /home/snegovick/dev/arm/usr/bin/../lib/gcc/arm-elf/4.0.2/../../../../arm-elf/lib/thumb/interwork/libm.a(e_rem_pio2.o)
 .rodata        0x000000000010c278       0x50 /home/snegovick/dev/arm/usr/bin/../lib/gcc/arm-elf/4.0.2/../../../../arm-elf/lib/thumb/interwork/libm.a(k_rem_pio2.o)
 .rodata        0x000000000010c2c8        0x4 /home/snegovick/dev/arm/usr/bin/../lib/gcc/arm-elf/4.0.2/../../../../arm-elf/lib/thumb/interwork/libc.a(impure.o)
                0x000000000010c2c8                _global_impure_ptr
 .rodata        0x000000000010c2cc      0x18c /home/snegovick/dev/arm/usr/bin/../lib/gcc/arm-elf/4.0.2/../../../../arm-elf/lib/thumb/interwork/libc.a(vfprintf.o)
 .rodata        0x000000000010c458       0x18 /home/snegovick/dev/arm/usr/bin/../lib/gcc/arm-elf/4.0.2/../../../../arm-elf/lib/thumb/interwork/libc.a(dtoa.o)
 .rodata        0x000000000010c470       0x30 /home/snegovick/dev/arm/usr/bin/../lib/gcc/arm-elf/4.0.2/../../../../arm-elf/lib/thumb/interwork/libc.a(locale.o)
 .rodata        0x000000000010c4a0      0x124 /home/snegovick/dev/arm/usr/bin/../lib/gcc/arm-elf/4.0.2/../../../../arm-elf/lib/thumb/interwork/libc.a(mprec.o)
                0x000000000010c4a0                __mprec_tinytens
                0x000000000010c4f0                __mprec_tens
                0x000000000010c4c8                __mprec_bigtens
 *(.rodata*)
 .rodata.str1.4
                0x000000000010c5c4       0x1e offt/radix4fft.o
                                         0x20 (size before relaxing)
 *fill*         0x000000000010c5e2        0x2 00
 .rodata.str1.4
                0x000000000010c5e4        0x4 main.o
 .rodata.str1.4
                0x000000000010c5e8       0x1e ../../low_rtos/FreeRTOS/Source/tasks.o
                                         0x20 (size before relaxing)
 *fill*         0x000000000010c606        0x2 00
 .rodata.str1.4
                0x000000000010c608        0x2 USB/USB-CDC.o
                                          0x4 (size before relaxing)
 *fill*         0x000000000010c60a        0x2 00
 .rodata.str1.4
                0x000000000010c60c        0x4 locator/locator_task.o
 .rodata.str1.4
                0x000000000010c610        0x2 /home/snegovick/dev/arm/usr/bin/../lib/gcc/arm-elf/4.0.2/../../../../arm-elf/lib/thumb/interwork/libc.a(impure.o)
                                          0x4 (size before relaxing)
 *fill*         0x000000000010c612        0x2 00
 .rodata.str1.4
                0x000000000010c614        0x4 /home/snegovick/dev/arm/usr/bin/../lib/gcc/arm-elf/4.0.2/../../../../arm-elf/lib/thumb/interwork/libc.a(syscalls.o)
 .rodata.str1.4
                0x000000000010c618       0x62 /home/snegovick/dev/arm/usr/bin/../lib/gcc/arm-elf/4.0.2/../../../../arm-elf/lib/thumb/interwork/libc.a(vfprintf.o)
                                         0x64 (size before relaxing)
 *fill*         0x000000000010c67a        0x2 00
 .rodata.str1.4
                0x000000000010c67c       0x1e /home/snegovick/dev/arm/usr/bin/../lib/gcc/arm-elf/4.0.2/../../../../arm-elf/lib/thumb/interwork/libc.a(wctomb_r.o)
                                         0x20 (size before relaxing)
 *fill*         0x000000000010c69a        0x2 00
 .rodata.str1.4
                0x000000000010c69c       0x10 /home/snegovick/dev/arm/usr/bin/../lib/gcc/arm-elf/4.0.2/../../../../arm-elf/lib/thumb/interwork/libc.a(dtoa.o)
                                         0x14 (size before relaxing)
 .rodata.str1.4
                0x000000000010c6ac        0xb /home/snegovick/dev/arm/usr/bin/../lib/gcc/arm-elf/4.0.2/../../../../arm-elf/lib/thumb/interwork/libc.a(locale.o)
                                         0x18 (size before relaxing)
 *(.glue_7)
 *fill*         0x000000000010c6b7        0x1 00
 .glue_7        0x000000000010c6b8       0xcc /home/snegovick/dev/arm/usr/bin/../lib/gcc/arm-elf/4.0.2/thumb/interwork/libgcc.a(_umodsi3.o)
                0x000000000010c760                __ADC_DisableChannel_from_arm
                0x000000000010c73c                __ConvHex2mV_from_arm
                0x000000000010c730                __ADC_GetConvertedData_from_arm
                0x000000000010c6f4                __fprintf_from_arm
                0x000000000010c76c                __ADC_EnableChannel_from_arm
                0x000000000010c6dc                __cos_from_arm
                0x000000000010c718                __ADC_IsChannelInterruptStatusSet_from_arm
                0x000000000010c748                __ADC_EnableIt_from_arm
                0x000000000010c6d0                __xQueueGenericSendFromISR_from_arm
                0x000000000010c778                __TC_Stop_from_arm
                0x000000000010c724                __ADC_DisableIt_from_arm
                0x000000000010c70c                __ADC_GetStatus_from_arm
                0x000000000010c6c4                __vTaskIncrementTick_from_arm
                0x000000000010c6e8                __sin_from_arm
                0x000000000010c754                __ADC_StartConversion_from_arm
                0x000000000010c700                __exit_from_arm
                0x000000000010c6b8                __vTaskSwitchContext_from_arm
 *(.glue_7t)
 .glue_7t       0x000000000010c784       0x90 /home/snegovick/dev/arm/usr/bin/../lib/gcc/arm-elf/4.0.2/thumb/interwork/libgcc.a(_umodsi3.o)
                0x000000000010c790                __vPortEnterCritical_change_to_arm
                0x000000000010c7a4                __vPortEnableInterruptsFromThumb_from_thumb
                0x000000000010c7f4                ____gtdf2_from_thumb
                0x000000000010c7bc                ____subdf3_from_thumb
                0x000000000010c808                ____ltdf2_change_to_arm
                0x000000000010c7c0                ____subdf3_change_to_arm
                0x000000000010c798                __vPortExitCritical_change_to_arm
                0x000000000010c7b4                __DoFFT_from_thumb
                0x000000000010c7f0                ____gedf2_change_to_arm
                0x000000000010c79c                __vPortISRStartFirstTask_from_thumb
                0x000000000010c7e4                ____eqdf2_from_thumb
                0x000000000010c7d4                ____fixdfsi_from_thumb
                0x000000000010c784                __vPortDisableInterruptsFromThumb_from_thumb
                0x000000000010c810                ____divdf3_change_to_arm
                0x000000000010c7ec                ____gedf2_from_thumb
                0x000000000010c794                __vPortExitCritical_from_thumb
                0x000000000010c7c8                ____muldf3_change_to_arm
                0x000000000010c7b0                __InitFFTTables_change_to_arm
                0x000000000010c7d8                ____fixdfsi_change_to_arm
                0x000000000010c80c                ____divdf3_from_thumb
                0x000000000010c7ac                __InitFFTTables_from_thumb
                0x000000000010c7b8                __DoFFT_change_to_arm
                0x000000000010c7d0                ____adddf3_change_to_arm
                0x000000000010c7f8                ____gtdf2_change_to_arm
                0x000000000010c78c                __vPortEnterCritical_from_thumb
                0x000000000010c7dc                ____floatsidf_from_thumb
                0x000000000010c804                ____ltdf2_from_thumb
                0x000000000010c7a0                __vPortISRStartFirstTask_change_to_arm
                0x000000000010c800                ____nedf2_change_to_arm
                0x000000000010c7cc                ____adddf3_from_thumb
                0x000000000010c788                __vPortDisableInterruptsFromThumb_change_to_arm
                0x000000000010c7e8                ____eqdf2_change_to_arm
                0x000000000010c7c4                ____muldf3_from_thumb
                0x000000000010c7fc                ____nedf2_from_thumb
                0x000000000010c7e0                ____floatsidf_change_to_arm
                0x000000000010c7a8                __vPortEnableInterruptsFromThumb_change_to_arm
                0x000000000010c814                __end_of_text__ = .

.data           0x0000000000200000      0x8e0 load address 0x000000000010c814
                0x0000000000200000                __data_beg__ = .
                0x000000000010c814                __data_beg_src__ = __end_of_text__
 *(.data)
 .data          0x0000000000200000        0x4 ../../low_rtos/FreeRTOS/Source/portable/GCC/ARM7_AT91SAM7S/portISR.o
                0x0000000000200000                ulCriticalNesting
 .data          0x0000000000200004       0xae offt/radix4fft.o
 *fill*         0x00000000002000b2        0x2 00
 .data          0x00000000002000b4        0x4 ../../low_rtos/FreeRTOS/Source/tasks.o
 .data          0x00000000002000b8      0x404 /home/snegovick/dev/arm/usr/bin/../lib/gcc/arm-elf/4.0.2/../../../../arm-elf/lib/thumb/interwork/libc.a(impure.o)
                0x00000000002004b8                _impure_ptr
 .data          0x00000000002004bc       0x14 /home/snegovick/dev/arm/usr/bin/../lib/gcc/arm-elf/4.0.2/../../../../arm-elf/lib/thumb/interwork/libc.a(locale.o)
                0x00000000002004c8                __mb_cur_max
                0x00000000002004bc                __lc_ctype
 .data          0x00000000002004d0      0x410 /home/snegovick/dev/arm/usr/bin/../lib/gcc/arm-elf/4.0.2/../../../../arm-elf/lib/thumb/interwork/libc.a(mallocr.o)
                0x00000000002004d0                __malloc_sbrk_base
                0x00000000002004d8                __malloc_av_
                0x00000000002004d4                __malloc_trim_threshold
                0x00000000002008e0                __data_end__ = .

.bss            0x00000000002008e0     0x71e8
                0x00000000002008e0                __bss_beg__ = .
 *(.bss)
 .bss           0x00000000002008e0       0x44 USB/USBIsr.o
 .bss           0x0000000000200924      0x480 offt/radix4fft.o
 .bss           0x0000000000200da4        0x4 main.o
 .bss           0x0000000000200da8      0x104 ../../low_rtos/FreeRTOS/Source/tasks.o
                0x0000000000200da8                pxCurrentTCB
 .bss           0x0000000000200eac     0x6014 ../../low_rtos/FreeRTOS/Source/portable/MemMang/heap_2.o
 .bss           0x0000000000206ec0      0x134 USB/USB-CDC.o
 .bss           0x0000000000206ff4       0xb0 /home/snegovick/dev/arm/usr/bin/../lib/gcc/arm-elf/4.0.2/../../../../arm-elf/lib/thumb/interwork/libc.a(syscalls.o)
 .bss           0x00000000002070a4        0xc /home/snegovick/dev/arm/usr/bin/../lib/gcc/arm-elf/4.0.2/../../../../arm-elf/lib/thumb/interwork/libc.a(locale.o)
                0x00000000002070ac                __nlocale_changed
                0x00000000002070a8                __mlocale_changed
                0x00000000002070a4                _PathLocale
 .bss           0x00000000002070b0       0x34 /home/snegovick/dev/arm/usr/bin/../lib/gcc/arm-elf/4.0.2/../../../../arm-elf/lib/thumb/interwork/libc.a(mallocr.o)
                0x00000000002070e0                __malloc_top_pad
                0x00000000002070dc                __malloc_max_sbrked_mem
                0x00000000002070b0                __malloc_current_mallinfo
                0x00000000002070d8                __malloc_max_total_mem
 COMMON         0x00000000002070e4      0x9dc locator/locator_isr.o
                0x00000000002070e4                trspistat
                0x00000000002079bc                locstat
 COMMON         0x0000000000207ac0        0x4 USB/USB-CDC.o
                0x0000000000207ac0                xUSBInterruptQueue
 COMMON         0x0000000000207ac4        0x4 /home/snegovick/dev/arm/usr/bin/../lib/gcc/arm-elf/4.0.2/../../../../arm-elf/lib/thumb/interwork/libc.a(reent.o)
                0x0000000000207ac4                errno
                0x0000000000207ac8                . = ALIGN (0x4)
                0x0000000000207ac8                . = ALIGN (0x4)
                0x0000000000207ac8                _end = .
                0x0000000000207ac8                _bss_end__ = .
                0x0000000000207ac8                __bss_end__ = .
                0x0000000000207ac8                __end__ = .
                0x0000000000207ac8                PROVIDE (end, .)
OUTPUT(rapidlocator.elf elf32-littlearm)

.comment        0x0000000000000000      0x546
 .comment       0x0000000000000000       0x12 ../../low_rtos/FreeRTOS/Source/portable/GCC/ARM7_AT91SAM7S/portISR.o
 .comment       0x0000000000000012       0x12 ./SrcAtmel/Cstartup_SAM7.o
 .comment       0x0000000000000024       0x12 USB/USBIsr.o
 .comment       0x0000000000000036       0x12 offt/radix4fft.o
 .comment       0x0000000000000048       0x12 locator/locator_isr.o
 .comment       0x000000000000005a       0x12 main.o
 .comment       0x000000000000006c       0x12 ../../low_rtos/FreeRTOS/Source/list.o
 .comment       0x000000000000007e       0x12 ../../low_rtos/FreeRTOS/Source/queue.o
 .comment       0x0000000000000090       0x12 ../../low_rtos/FreeRTOS/Source/tasks.o
 .comment       0x00000000000000a2       0x12 ../../low_rtos/FreeRTOS/Source/portable/GCC/ARM7_AT91SAM7S/port.o
 .comment       0x00000000000000b4       0x12 ../../low_rtos/FreeRTOS/Source/portable/MemMang/heap_2.o
 .comment       0x00000000000000c6       0x12 aic/aic.o
 .comment       0x00000000000000d8       0x12 pwmc/pwmc.o
 .comment       0x00000000000000ea       0x12 pio/pio.o
 .comment       0x00000000000000fc       0x12 USB/USB-CDC.o
 .comment       0x000000000000010e       0x12 locator/locator_task.o
 .comment       0x0000000000000120       0x12 adc/adc.o
 .comment       0x0000000000000132       0x12 tc/tc.o
 .comment       0x0000000000000144       0x12 locator/locator.o
 .comment       0x0000000000000156       0x12 /home/snegovick/dev/arm/usr/bin/../lib/gcc/arm-elf/4.0.2/../../../../arm-elf/lib/thumb/interwork/libm.a(s_cos.o)
 .comment       0x0000000000000168       0x12 /home/snegovick/dev/arm/usr/bin/../lib/gcc/arm-elf/4.0.2/../../../../arm-elf/lib/thumb/interwork/libm.a(s_sin.o)
 .comment       0x000000000000017a       0x12 /home/snegovick/dev/arm/usr/bin/../lib/gcc/arm-elf/4.0.2/../../../../arm-elf/lib/thumb/interwork/libm.a(e_rem_pio2.o)
 .comment       0x000000000000018c       0x12 /home/snegovick/dev/arm/usr/bin/../lib/gcc/arm-elf/4.0.2/../../../../arm-elf/lib/thumb/interwork/libm.a(k_cos.o)
 .comment       0x000000000000019e       0x12 /home/snegovick/dev/arm/usr/bin/../lib/gcc/arm-elf/4.0.2/../../../../arm-elf/lib/thumb/interwork/libm.a(k_rem_pio2.o)
 .comment       0x00000000000001b0       0x12 /home/snegovick/dev/arm/usr/bin/../lib/gcc/arm-elf/4.0.2/../../../../arm-elf/lib/thumb/interwork/libm.a(k_sin.o)
 .comment       0x00000000000001c2       0x12 /home/snegovick/dev/arm/usr/bin/../lib/gcc/arm-elf/4.0.2/../../../../arm-elf/lib/thumb/interwork/libm.a(s_fabs.o)
 .comment       0x00000000000001d4       0x12 /home/snegovick/dev/arm/usr/bin/../lib/gcc/arm-elf/4.0.2/../../../../arm-elf/lib/thumb/interwork/libm.a(s_floor.o)
 .comment       0x00000000000001e6       0x12 /home/snegovick/dev/arm/usr/bin/../lib/gcc/arm-elf/4.0.2/../../../../arm-elf/lib/thumb/interwork/libm.a(s_scalbn.o)
 .comment       0x00000000000001f8       0x12 /home/snegovick/dev/arm/usr/bin/../lib/gcc/arm-elf/4.0.2/../../../../arm-elf/lib/thumb/interwork/libm.a(s_copysign.o)
 .comment       0x000000000000020a       0x12 /home/snegovick/dev/arm/usr/bin/../lib/gcc/arm-elf/4.0.2/../../../../arm-elf/lib/thumb/interwork/libc.a(exit.o)
 .comment       0x000000000000021c       0x12 /home/snegovick/dev/arm/usr/bin/../lib/gcc/arm-elf/4.0.2/../../../../arm-elf/lib/thumb/interwork/libc.a(fprintf.o)
 .comment       0x000000000000022e       0x12 /home/snegovick/dev/arm/usr/bin/../lib/gcc/arm-elf/4.0.2/../../../../arm-elf/lib/thumb/interwork/libc.a(impure.o)
 .comment       0x0000000000000240       0x12 /home/snegovick/dev/arm/usr/bin/../lib/gcc/arm-elf/4.0.2/../../../../arm-elf/lib/thumb/interwork/libc.a(memcpy.o)
 .comment       0x0000000000000252       0x12 /home/snegovick/dev/arm/usr/bin/../lib/gcc/arm-elf/4.0.2/../../../../arm-elf/lib/thumb/interwork/libc.a(memset.o)
 .comment       0x0000000000000264       0x12 /home/snegovick/dev/arm/usr/bin/../lib/gcc/arm-elf/4.0.2/../../../../arm-elf/lib/thumb/interwork/libc.a(sprintf.o)
 .comment       0x0000000000000276       0x12 /home/snegovick/dev/arm/usr/bin/../lib/gcc/arm-elf/4.0.2/../../../../arm-elf/lib/thumb/interwork/libc.a(strcat.o)
 .comment       0x0000000000000288       0x12 /home/snegovick/dev/arm/usr/bin/../lib/gcc/arm-elf/4.0.2/../../../../arm-elf/lib/thumb/interwork/libc.a(strcpy.o)
 .comment       0x000000000000029a       0x12 /home/snegovick/dev/arm/usr/bin/../lib/gcc/arm-elf/4.0.2/../../../../arm-elf/lib/thumb/interwork/libc.a(strncpy.o)
 .comment       0x00000000000002ac       0x12 /home/snegovick/dev/arm/usr/bin/../lib/gcc/arm-elf/4.0.2/../../../../arm-elf/lib/thumb/interwork/libc.a(syscalls.o)
 .comment       0x00000000000002be       0x12 /home/snegovick/dev/arm/usr/bin/../lib/gcc/arm-elf/4.0.2/../../../../arm-elf/lib/thumb/interwork/libc.a(vfprintf.o)
 .comment       0x00000000000002d0       0x12 /home/snegovick/dev/arm/usr/bin/../lib/gcc/arm-elf/4.0.2/../../../../arm-elf/lib/thumb/interwork/libc.a(wcrtomb.o)
 .comment       0x00000000000002e2       0x12 /home/snegovick/dev/arm/usr/bin/../lib/gcc/arm-elf/4.0.2/../../../../arm-elf/lib/thumb/interwork/libc.a(wcsrtombs.o)
 .comment       0x00000000000002f4       0x12 /home/snegovick/dev/arm/usr/bin/../lib/gcc/arm-elf/4.0.2/../../../../arm-elf/lib/thumb/interwork/libc.a(wctomb_r.o)
 .comment       0x0000000000000306       0x12 /home/snegovick/dev/arm/usr/bin/../lib/gcc/arm-elf/4.0.2/../../../../arm-elf/lib/thumb/interwork/libc.a(wsetup.o)
 .comment       0x0000000000000318       0x12 /home/snegovick/dev/arm/usr/bin/../lib/gcc/arm-elf/4.0.2/../../../../arm-elf/lib/thumb/interwork/libc.a(__call_atexit.o)
 .comment       0x000000000000032a       0x12 /home/snegovick/dev/arm/usr/bin/../lib/gcc/arm-elf/4.0.2/../../../../arm-elf/lib/thumb/interwork/libc.a(dtoa.o)
 .comment       0x000000000000033c       0x12 /home/snegovick/dev/arm/usr/bin/../lib/gcc/arm-elf/4.0.2/../../../../arm-elf/lib/thumb/interwork/libc.a(errno.o)
 .comment       0x000000000000034e       0x12 /home/snegovick/dev/arm/usr/bin/../lib/gcc/arm-elf/4.0.2/../../../../arm-elf/lib/thumb/interwork/libc.a(fflush.o)
 .comment       0x0000000000000360       0x12 /home/snegovick/dev/arm/usr/bin/../lib/gcc/arm-elf/4.0.2/../../../../arm-elf/lib/thumb/interwork/libc.a(findfp.o)
 .comment       0x0000000000000372       0x12 /home/snegovick/dev/arm/usr/bin/../lib/gcc/arm-elf/4.0.2/../../../../arm-elf/lib/thumb/interwork/libc.a(freer.o)
 .comment       0x0000000000000384       0x12 /home/snegovick/dev/arm/usr/bin/../lib/gcc/arm-elf/4.0.2/../../../../arm-elf/lib/thumb/interwork/libc.a(fvwrite.o)
 .comment       0x0000000000000396       0x12 /home/snegovick/dev/arm/usr/bin/../lib/gcc/arm-elf/4.0.2/../../../../arm-elf/lib/thumb/interwork/libc.a(fwalk.o)
 .comment       0x00000000000003a8       0x12 /home/snegovick/dev/arm/usr/bin/../lib/gcc/arm-elf/4.0.2/../../../../arm-elf/lib/thumb/interwork/libc.a(locale.o)
 .comment       0x00000000000003ba       0x12 /home/snegovick/dev/arm/usr/bin/../lib/gcc/arm-elf/4.0.2/../../../../arm-elf/lib/thumb/interwork/libc.a(makebuf.o)
 .comment       0x00000000000003cc       0x12 /home/snegovick/dev/arm/usr/bin/../lib/gcc/arm-elf/4.0.2/../../../../arm-elf/lib/thumb/interwork/libc.a(malloc.o)
 .comment       0x00000000000003de       0x12 /home/snegovick/dev/arm/usr/bin/../lib/gcc/arm-elf/4.0.2/../../../../arm-elf/lib/thumb/interwork/libc.a(mallocr.o)
 .comment       0x00000000000003f0       0x12 /home/snegovick/dev/arm/usr/bin/../lib/gcc/arm-elf/4.0.2/../../../../arm-elf/lib/thumb/interwork/libc.a(memchr.o)
 .comment       0x0000000000000402       0x12 /home/snegovick/dev/arm/usr/bin/../lib/gcc/arm-elf/4.0.2/../../../../arm-elf/lib/thumb/interwork/libc.a(memmove.o)
 .comment       0x0000000000000414       0x12 /home/snegovick/dev/arm/usr/bin/../lib/gcc/arm-elf/4.0.2/../../../../arm-elf/lib/thumb/interwork/libc.a(mlock.o)
 .comment       0x0000000000000426       0x12 /home/snegovick/dev/arm/usr/bin/../lib/gcc/arm-elf/4.0.2/../../../../arm-elf/lib/thumb/interwork/libc.a(mprec.o)
 .comment       0x0000000000000438       0x12 /home/snegovick/dev/arm/usr/bin/../lib/gcc/arm-elf/4.0.2/../../../../arm-elf/lib/thumb/interwork/libc.a(reallocr.o)
 .comment       0x000000000000044a       0x12 /home/snegovick/dev/arm/usr/bin/../lib/gcc/arm-elf/4.0.2/../../../../arm-elf/lib/thumb/interwork/libc.a(sbrkr.o)
 .comment       0x000000000000045c       0x12 /home/snegovick/dev/arm/usr/bin/../lib/gcc/arm-elf/4.0.2/../../../../arm-elf/lib/thumb/interwork/libc.a(s_isinf.o)
 .comment       0x000000000000046e       0x12 /home/snegovick/dev/arm/usr/bin/../lib/gcc/arm-elf/4.0.2/../../../../arm-elf/lib/thumb/interwork/libc.a(s_isnan.o)
 .comment       0x0000000000000480       0x12 /home/snegovick/dev/arm/usr/bin/../lib/gcc/arm-elf/4.0.2/../../../../arm-elf/lib/thumb/interwork/libc.a(stdio.o)
 .comment       0x0000000000000492       0x12 /home/snegovick/dev/arm/usr/bin/../lib/gcc/arm-elf/4.0.2/../../../../arm-elf/lib/thumb/interwork/libc.a(strcmp.o)
 .comment       0x00000000000004a4       0x12 /home/snegovick/dev/arm/usr/bin/../lib/gcc/arm-elf/4.0.2/../../../../arm-elf/lib/thumb/interwork/libc.a(strlen.o)
 .comment       0x00000000000004b6       0x12 /home/snegovick/dev/arm/usr/bin/../lib/gcc/arm-elf/4.0.2/../../../../arm-elf/lib/thumb/interwork/libc.a(writer.o)
 .comment       0x00000000000004c8       0x12 /home/snegovick/dev/arm/usr/bin/../lib/gcc/arm-elf/4.0.2/../../../../arm-elf/lib/thumb/interwork/libc.a(callocr.o)
 .comment       0x00000000000004da       0x12 /home/snegovick/dev/arm/usr/bin/../lib/gcc/arm-elf/4.0.2/../../../../arm-elf/lib/thumb/interwork/libc.a(closer.o)
 .comment       0x00000000000004ec       0x12 /home/snegovick/dev/arm/usr/bin/../lib/gcc/arm-elf/4.0.2/../../../../arm-elf/lib/thumb/interwork/libc.a(fclose.o)
 .comment       0x00000000000004fe       0x12 /home/snegovick/dev/arm/usr/bin/../lib/gcc/arm-elf/4.0.2/../../../../arm-elf/lib/thumb/interwork/libc.a(fstatr.o)
 .comment       0x0000000000000510       0x12 /home/snegovick/dev/arm/usr/bin/../lib/gcc/arm-elf/4.0.2/../../../../arm-elf/lib/thumb/interwork/libc.a(lseekr.o)
 .comment       0x0000000000000522       0x12 /home/snegovick/dev/arm/usr/bin/../lib/gcc/arm-elf/4.0.2/../../../../arm-elf/lib/thumb/interwork/libc.a(readr.o)
 .comment       0x0000000000000534       0x12 /home/snegovick/dev/arm/usr/bin/../lib/gcc/arm-elf/4.0.2/../../../../arm-elf/lib/thumb/interwork/libc.a(reent.o)

.debug_abbrev   0x0000000000000000     0x4d6d
 .debug_abbrev  0x0000000000000000       0x9a /home/snegovick/dev/arm/usr/bin/../lib/gcc/arm-elf/4.0.2/../../../../arm-elf/lib/thumb/interwork/libm.a(s_cos.o)
 .debug_abbrev  0x000000000000009a       0x9a /home/snegovick/dev/arm/usr/bin/../lib/gcc/arm-elf/4.0.2/../../../../arm-elf/lib/thumb/interwork/libm.a(s_sin.o)
 .debug_abbrev  0x0000000000000134      0x144 /home/snegovick/dev/arm/usr/bin/../lib/gcc/arm-elf/4.0.2/../../../../arm-elf/lib/thumb/interwork/libm.a(e_rem_pio2.o)
 .debug_abbrev  0x0000000000000278       0xec /home/snegovick/dev/arm/usr/bin/../lib/gcc/arm-elf/4.0.2/../../../../arm-elf/lib/thumb/interwork/libm.a(k_cos.o)
 .debug_abbrev  0x0000000000000364      0x104 /home/snegovick/dev/arm/usr/bin/../lib/gcc/arm-elf/4.0.2/../../../../arm-elf/lib/thumb/interwork/libm.a(k_rem_pio2.o)
 .debug_abbrev  0x0000000000000468       0xaf /home/snegovick/dev/arm/usr/bin/../lib/gcc/arm-elf/4.0.2/../../../../arm-elf/lib/thumb/interwork/libm.a(k_sin.o)
 .debug_abbrev  0x0000000000000517       0xc5 /home/snegovick/dev/arm/usr/bin/../lib/gcc/arm-elf/4.0.2/../../../../arm-elf/lib/thumb/interwork/libm.a(s_fabs.o)
 .debug_abbrev  0x00000000000005dc       0xf9 /home/snegovick/dev/arm/usr/bin/../lib/gcc/arm-elf/4.0.2/../../../../arm-elf/lib/thumb/interwork/libm.a(s_floor.o)
 .debug_abbrev  0x00000000000006d5       0xf7 /home/snegovick/dev/arm/usr/bin/../lib/gcc/arm-elf/4.0.2/../../../../arm-elf/lib/thumb/interwork/libm.a(s_scalbn.o)
 .debug_abbrev  0x00000000000007cc       0xe8 /home/snegovick/dev/arm/usr/bin/../lib/gcc/arm-elf/4.0.2/../../../../arm-elf/lib/thumb/interwork/libm.a(s_copysign.o)
 .debug_abbrev  0x00000000000008b4       0x14 /home/snegovick/dev/arm/usr/bin/../lib/gcc/arm-elf/4.0.2/thumb/interwork/libgcc.a(_udivsi3.o)
 .debug_abbrev  0x00000000000008c8       0x14 /home/snegovick/dev/arm/usr/bin/../lib/gcc/arm-elf/4.0.2/thumb/interwork/libgcc.a(_divsi3.o)
 .debug_abbrev  0x00000000000008dc       0x14 /home/snegovick/dev/arm/usr/bin/../lib/gcc/arm-elf/4.0.2/thumb/interwork/libgcc.a(_modsi3.o)
 .debug_abbrev  0x00000000000008f0       0x14 /home/snegovick/dev/arm/usr/bin/../lib/gcc/arm-elf/4.0.2/thumb/interwork/libgcc.a(_dvmd_tls.o)
 .debug_abbrev  0x0000000000000904       0x14 /home/snegovick/dev/arm/usr/bin/../lib/gcc/arm-elf/4.0.2/thumb/interwork/libgcc.a(_addsubdf3.o)
 .debug_abbrev  0x0000000000000918       0x14 /home/snegovick/dev/arm/usr/bin/../lib/gcc/arm-elf/4.0.2/thumb/interwork/libgcc.a(_muldivdf3.o)
 .debug_abbrev  0x000000000000092c       0x14 /home/snegovick/dev/arm/usr/bin/../lib/gcc/arm-elf/4.0.2/thumb/interwork/libgcc.a(_cmpdf2.o)
 .debug_abbrev  0x0000000000000940       0x14 /home/snegovick/dev/arm/usr/bin/../lib/gcc/arm-elf/4.0.2/thumb/interwork/libgcc.a(_fixdfsi.o)
 .debug_abbrev  0x0000000000000954      0x16e /home/snegovick/dev/arm/usr/bin/../lib/gcc/arm-elf/4.0.2/../../../../arm-elf/lib/thumb/interwork/libc.a(exit.o)
 .debug_abbrev  0x0000000000000ac2      0x182 /home/snegovick/dev/arm/usr/bin/../lib/gcc/arm-elf/4.0.2/../../../../arm-elf/lib/thumb/interwork/libc.a(fprintf.o)
 .debug_abbrev  0x0000000000000c44      0x157 /home/snegovick/dev/arm/usr/bin/../lib/gcc/arm-elf/4.0.2/../../../../arm-elf/lib/thumb/interwork/libc.a(impure.o)
 .debug_abbrev  0x0000000000000d9b       0x99 /home/snegovick/dev/arm/usr/bin/../lib/gcc/arm-elf/4.0.2/../../../../arm-elf/lib/thumb/interwork/libc.a(memcpy.o)
 .debug_abbrev  0x0000000000000e34       0x9a /home/snegovick/dev/arm/usr/bin/../lib/gcc/arm-elf/4.0.2/../../../../arm-elf/lib/thumb/interwork/libc.a(memset.o)
 .debug_abbrev  0x0000000000000ece      0x193 /home/snegovick/dev/arm/usr/bin/../lib/gcc/arm-elf/4.0.2/../../../../arm-elf/lib/thumb/interwork/libc.a(sprintf.o)
 .debug_abbrev  0x0000000000001061       0x87 /home/snegovick/dev/arm/usr/bin/../lib/gcc/arm-elf/4.0.2/../../../../arm-elf/lib/thumb/interwork/libc.a(strcat.o)
 .debug_abbrev  0x00000000000010e8       0x80 /home/snegovick/dev/arm/usr/bin/../lib/gcc/arm-elf/4.0.2/../../../../arm-elf/lib/thumb/interwork/libc.a(strcpy.o)
 .debug_abbrev  0x0000000000001168       0x8d /home/snegovick/dev/arm/usr/bin/../lib/gcc/arm-elf/4.0.2/../../../../arm-elf/lib/thumb/interwork/libc.a(strncpy.o)
 .debug_abbrev  0x00000000000011f5      0x395 /home/snegovick/dev/arm/usr/bin/../lib/gcc/arm-elf/4.0.2/../../../../arm-elf/lib/thumb/interwork/libc.a(syscalls.o)
 .debug_abbrev  0x000000000000158a      0x35d /home/snegovick/dev/arm/usr/bin/../lib/gcc/arm-elf/4.0.2/../../../../arm-elf/lib/thumb/interwork/libc.a(vfprintf.o)
 .debug_abbrev  0x00000000000018e7      0x1a7 /home/snegovick/dev/arm/usr/bin/../lib/gcc/arm-elf/4.0.2/../../../../arm-elf/lib/thumb/interwork/libc.a(wcrtomb.o)
 .debug_abbrev  0x0000000000001a8e      0x1a4 /home/snegovick/dev/arm/usr/bin/../lib/gcc/arm-elf/4.0.2/../../../../arm-elf/lib/thumb/interwork/libc.a(wcsrtombs.o)
 .debug_abbrev  0x0000000000001c32      0x1ab /home/snegovick/dev/arm/usr/bin/../lib/gcc/arm-elf/4.0.2/../../../../arm-elf/lib/thumb/interwork/libc.a(wctomb_r.o)
 .debug_abbrev  0x0000000000001ddd      0x170 /home/snegovick/dev/arm/usr/bin/../lib/gcc/arm-elf/4.0.2/../../../../arm-elf/lib/thumb/interwork/libc.a(wsetup.o)
 .debug_abbrev  0x0000000000001f4d      0x1aa /home/snegovick/dev/arm/usr/bin/../lib/gcc/arm-elf/4.0.2/../../../../arm-elf/lib/thumb/interwork/libc.a(__call_atexit.o)
 .debug_abbrev  0x00000000000020f7      0x232 /home/snegovick/dev/arm/usr/bin/../lib/gcc/arm-elf/4.0.2/../../../../arm-elf/lib/thumb/interwork/libc.a(dtoa.o)
 .debug_abbrev  0x0000000000002329      0x15f /home/snegovick/dev/arm/usr/bin/../lib/gcc/arm-elf/4.0.2/../../../../arm-elf/lib/thumb/interwork/libc.a(errno.o)
 .debug_abbrev  0x0000000000002488      0x17f /home/snegovick/dev/arm/usr/bin/../lib/gcc/arm-elf/4.0.2/../../../../arm-elf/lib/thumb/interwork/libc.a(fflush.o)
 .debug_abbrev  0x0000000000002607      0x235 /home/snegovick/dev/arm/usr/bin/../lib/gcc/arm-elf/4.0.2/../../../../arm-elf/lib/thumb/interwork/libc.a(findfp.o)
 .debug_abbrev  0x000000000000283c      0x1d9 /home/snegovick/dev/arm/usr/bin/../lib/gcc/arm-elf/4.0.2/../../../../arm-elf/lib/thumb/interwork/libc.a(freer.o)
 .debug_abbrev  0x0000000000002a15      0x1b4 /home/snegovick/dev/arm/usr/bin/../lib/gcc/arm-elf/4.0.2/../../../../arm-elf/lib/thumb/interwork/libc.a(fvwrite.o)
 .debug_abbrev  0x0000000000002bc9      0x1e1 /home/snegovick/dev/arm/usr/bin/../lib/gcc/arm-elf/4.0.2/../../../../arm-elf/lib/thumb/interwork/libc.a(fwalk.o)
 .debug_abbrev  0x0000000000002daa      0x1de /home/snegovick/dev/arm/usr/bin/../lib/gcc/arm-elf/4.0.2/../../../../arm-elf/lib/thumb/interwork/libc.a(locale.o)
 .debug_abbrev  0x0000000000002f88      0x1a8 /home/snegovick/dev/arm/usr/bin/../lib/gcc/arm-elf/4.0.2/../../../../arm-elf/lib/thumb/interwork/libc.a(makebuf.o)
 .debug_abbrev  0x0000000000003130      0x187 /home/snegovick/dev/arm/usr/bin/../lib/gcc/arm-elf/4.0.2/../../../../arm-elf/lib/thumb/interwork/libc.a(malloc.o)
 .debug_abbrev  0x00000000000032b7      0x214 /home/snegovick/dev/arm/usr/bin/../lib/gcc/arm-elf/4.0.2/../../../../arm-elf/lib/thumb/interwork/libc.a(mallocr.o)
 .debug_abbrev  0x00000000000034cb       0xa8 /home/snegovick/dev/arm/usr/bin/../lib/gcc/arm-elf/4.0.2/../../../../arm-elf/lib/thumb/interwork/libc.a(memchr.o)
 .debug_abbrev  0x0000000000003573       0x99 /home/snegovick/dev/arm/usr/bin/../lib/gcc/arm-elf/4.0.2/../../../../arm-elf/lib/thumb/interwork/libc.a(memmove.o)
 .debug_abbrev  0x000000000000360c      0x16a /home/snegovick/dev/arm/usr/bin/../lib/gcc/arm-elf/4.0.2/../../../../arm-elf/lib/thumb/interwork/libc.a(mlock.o)
 .debug_abbrev  0x0000000000003776      0x249 /home/snegovick/dev/arm/usr/bin/../lib/gcc/arm-elf/4.0.2/../../../../arm-elf/lib/thumb/interwork/libc.a(mprec.o)
 .debug_abbrev  0x00000000000039bf      0x1c3 /home/snegovick/dev/arm/usr/bin/../lib/gcc/arm-elf/4.0.2/../../../../arm-elf/lib/thumb/interwork/libc.a(reallocr.o)
 .debug_abbrev  0x0000000000003b82      0x18e /home/snegovick/dev/arm/usr/bin/../lib/gcc/arm-elf/4.0.2/../../../../arm-elf/lib/thumb/interwork/libc.a(sbrkr.o)
 .debug_abbrev  0x0000000000003d10       0x79 /home/snegovick/dev/arm/usr/bin/../lib/gcc/arm-elf/4.0.2/../../../../arm-elf/lib/thumb/interwork/libc.a(s_isinf.o)
 .debug_abbrev  0x0000000000003d89       0x79 /home/snegovick/dev/arm/usr/bin/../lib/gcc/arm-elf/4.0.2/../../../../arm-elf/lib/thumb/interwork/libc.a(s_isnan.o)
 .debug_abbrev  0x0000000000003e02      0x1aa /home/snegovick/dev/arm/usr/bin/../lib/gcc/arm-elf/4.0.2/../../../../arm-elf/lib/thumb/interwork/libc.a(stdio.o)
 .debug_abbrev  0x0000000000003fac       0x71 /home/snegovick/dev/arm/usr/bin/../lib/gcc/arm-elf/4.0.2/../../../../arm-elf/lib/thumb/interwork/libc.a(strcmp.o)
 .debug_abbrev  0x000000000000401d       0x8b /home/snegovick/dev/arm/usr/bin/../lib/gcc/arm-elf/4.0.2/../../../../arm-elf/lib/thumb/interwork/libc.a(strlen.o)
 .debug_abbrev  0x00000000000040a8      0x184 /home/snegovick/dev/arm/usr/bin/../lib/gcc/arm-elf/4.0.2/../../../../arm-elf/lib/thumb/interwork/libc.a(writer.o)
 .debug_abbrev  0x000000000000422c      0x1af /home/snegovick/dev/arm/usr/bin/../lib/gcc/arm-elf/4.0.2/../../../../arm-elf/lib/thumb/interwork/libc.a(callocr.o)
 .debug_abbrev  0x00000000000043db      0x17f /home/snegovick/dev/arm/usr/bin/../lib/gcc/arm-elf/4.0.2/../../../../arm-elf/lib/thumb/interwork/libc.a(closer.o)
 .debug_abbrev  0x000000000000455a      0x18e /home/snegovick/dev/arm/usr/bin/../lib/gcc/arm-elf/4.0.2/../../../../arm-elf/lib/thumb/interwork/libc.a(fclose.o)
 .debug_abbrev  0x00000000000046e8      0x18e /home/snegovick/dev/arm/usr/bin/../lib/gcc/arm-elf/4.0.2/../../../../arm-elf/lib/thumb/interwork/libc.a(fstatr.o)
 .debug_abbrev  0x0000000000004876      0x18c /home/snegovick/dev/arm/usr/bin/../lib/gcc/arm-elf/4.0.2/../../../../arm-elf/lib/thumb/interwork/libc.a(lseekr.o)
 .debug_abbrev  0x0000000000004a02      0x17f /home/snegovick/dev/arm/usr/bin/../lib/gcc/arm-elf/4.0.2/../../../../arm-elf/lib/thumb/interwork/libc.a(readr.o)
 .debug_abbrev  0x0000000000004b81      0x1d8 /home/snegovick/dev/arm/usr/bin/../lib/gcc/arm-elf/4.0.2/../../../../arm-elf/lib/thumb/interwork/libc.a(reent.o)
 .debug_abbrev  0x0000000000004d59       0x14 /home/snegovick/dev/arm/usr/bin/../lib/gcc/arm-elf/4.0.2/thumb/interwork/libgcc.a(_umodsi3.o)

.debug_info     0x0000000000000000    0x1a169
 .debug_info    0x0000000000000000      0x101 /home/snegovick/dev/arm/usr/bin/../lib/gcc/arm-elf/4.0.2/../../../../arm-elf/lib/thumb/interwork/libm.a(s_cos.o)
 .debug_info    0x0000000000000101      0x101 /home/snegovick/dev/arm/usr/bin/../lib/gcc/arm-elf/4.0.2/../../../../arm-elf/lib/thumb/interwork/libm.a(s_sin.o)
 .debug_info    0x0000000000000202      0x35d /home/snegovick/dev/arm/usr/bin/../lib/gcc/arm-elf/4.0.2/../../../../arm-elf/lib/thumb/interwork/libm.a(e_rem_pio2.o)
 .debug_info    0x000000000000055f      0x21f /home/snegovick/dev/arm/usr/bin/../lib/gcc/arm-elf/4.0.2/../../../../arm-elf/lib/thumb/interwork/libm.a(k_cos.o)
 .debug_info    0x000000000000077e      0x2e4 /home/snegovick/dev/arm/usr/bin/../lib/gcc/arm-elf/4.0.2/../../../../arm-elf/lib/thumb/interwork/libm.a(k_rem_pio2.o)
 .debug_info    0x0000000000000a62      0x19a /home/snegovick/dev/arm/usr/bin/../lib/gcc/arm-elf/4.0.2/../../../../arm-elf/lib/thumb/interwork/libm.a(k_sin.o)
 .debug_info    0x0000000000000bfc      0x13d /home/snegovick/dev/arm/usr/bin/../lib/gcc/arm-elf/4.0.2/../../../../arm-elf/lib/thumb/interwork/libm.a(s_fabs.o)
 .debug_info    0x0000000000000d39      0x1b8 /home/snegovick/dev/arm/usr/bin/../lib/gcc/arm-elf/4.0.2/../../../../arm-elf/lib/thumb/interwork/libm.a(s_floor.o)
 .debug_info    0x0000000000000ef1      0x1e5 /home/snegovick/dev/arm/usr/bin/../lib/gcc/arm-elf/4.0.2/../../../../arm-elf/lib/thumb/interwork/libm.a(s_scalbn.o)
 .debug_info    0x00000000000010d6      0x18c /home/snegovick/dev/arm/usr/bin/../lib/gcc/arm-elf/4.0.2/../../../../arm-elf/lib/thumb/interwork/libm.a(s_copysign.o)
 .debug_info    0x0000000000001262       0x71 /home/snegovick/dev/arm/usr/bin/../lib/gcc/arm-elf/4.0.2/thumb/interwork/libgcc.a(_udivsi3.o)
 .debug_info    0x00000000000012d3       0x71 /home/snegovick/dev/arm/usr/bin/../lib/gcc/arm-elf/4.0.2/thumb/interwork/libgcc.a(_divsi3.o)
 .debug_info    0x0000000000001344       0x71 /home/snegovick/dev/arm/usr/bin/../lib/gcc/arm-elf/4.0.2/thumb/interwork/libgcc.a(_modsi3.o)
 .debug_info    0x00000000000013b5       0x71 /home/snegovick/dev/arm/usr/bin/../lib/gcc/arm-elf/4.0.2/thumb/interwork/libgcc.a(_dvmd_tls.o)
 .debug_info    0x0000000000001426       0x70 /home/snegovick/dev/arm/usr/bin/../lib/gcc/arm-elf/4.0.2/thumb/interwork/libgcc.a(_addsubdf3.o)
 .debug_info    0x0000000000001496       0x70 /home/snegovick/dev/arm/usr/bin/../lib/gcc/arm-elf/4.0.2/thumb/interwork/libgcc.a(_muldivdf3.o)
 .debug_info    0x0000000000001506       0x70 /home/snegovick/dev/arm/usr/bin/../lib/gcc/arm-elf/4.0.2/thumb/interwork/libgcc.a(_cmpdf2.o)
 .debug_info    0x0000000000001576       0x70 /home/snegovick/dev/arm/usr/bin/../lib/gcc/arm-elf/4.0.2/thumb/interwork/libgcc.a(_fixdfsi.o)
 .debug_info    0x00000000000015e6      0x92a /home/snegovick/dev/arm/usr/bin/../lib/gcc/arm-elf/4.0.2/../../../../arm-elf/lib/thumb/interwork/libc.a(exit.o)
 .debug_info    0x0000000000001f10      0x96c /home/snegovick/dev/arm/usr/bin/../lib/gcc/arm-elf/4.0.2/../../../../arm-elf/lib/thumb/interwork/libc.a(fprintf.o)
 .debug_info    0x000000000000287c      0x922 /home/snegovick/dev/arm/usr/bin/../lib/gcc/arm-elf/4.0.2/../../../../arm-elf/lib/thumb/interwork/libc.a(impure.o)
 .debug_info    0x000000000000319e      0x10d /home/snegovick/dev/arm/usr/bin/../lib/gcc/arm-elf/4.0.2/../../../../arm-elf/lib/thumb/interwork/libc.a(memcpy.o)
 .debug_info    0x00000000000032ab      0x111 /home/snegovick/dev/arm/usr/bin/../lib/gcc/arm-elf/4.0.2/../../../../arm-elf/lib/thumb/interwork/libc.a(memset.o)
 .debug_info    0x00000000000033bc      0xa00 /home/snegovick/dev/arm/usr/bin/../lib/gcc/arm-elf/4.0.2/../../../../arm-elf/lib/thumb/interwork/libc.a(sprintf.o)
 .debug_info    0x0000000000003dbc       0xe5 /home/snegovick/dev/arm/usr/bin/../lib/gcc/arm-elf/4.0.2/../../../../arm-elf/lib/thumb/interwork/libc.a(strcat.o)
 .debug_info    0x0000000000003ea1      0x10c /home/snegovick/dev/arm/usr/bin/../lib/gcc/arm-elf/4.0.2/../../../../arm-elf/lib/thumb/interwork/libc.a(strcpy.o)
 .debug_info    0x0000000000003fad      0x126 /home/snegovick/dev/arm/usr/bin/../lib/gcc/arm-elf/4.0.2/../../../../arm-elf/lib/thumb/interwork/libc.a(strncpy.o)
 .debug_info    0x00000000000040d3     0x15b0 /home/snegovick/dev/arm/usr/bin/../lib/gcc/arm-elf/4.0.2/../../../../arm-elf/lib/thumb/interwork/libc.a(syscalls.o)
 .debug_info    0x0000000000005683     0x10f2 /home/snegovick/dev/arm/usr/bin/../lib/gcc/arm-elf/4.0.2/../../../../arm-elf/lib/thumb/interwork/libc.a(vfprintf.o)
 .debug_info    0x0000000000006775      0x9ee /home/snegovick/dev/arm/usr/bin/../lib/gcc/arm-elf/4.0.2/../../../../arm-elf/lib/thumb/interwork/libc.a(wcrtomb.o)
 .debug_info    0x0000000000007163      0xa84 /home/snegovick/dev/arm/usr/bin/../lib/gcc/arm-elf/4.0.2/../../../../arm-elf/lib/thumb/interwork/libc.a(wcsrtombs.o)
 .debug_info    0x0000000000007be7      0x9f6 /home/snegovick/dev/arm/usr/bin/../lib/gcc/arm-elf/4.0.2/../../../../arm-elf/lib/thumb/interwork/libc.a(wctomb_r.o)
 .debug_info    0x00000000000085dd      0x939 /home/snegovick/dev/arm/usr/bin/../lib/gcc/arm-elf/4.0.2/../../../../arm-elf/lib/thumb/interwork/libc.a(wsetup.o)
 .debug_info    0x0000000000008f16      0x98f /home/snegovick/dev/arm/usr/bin/../lib/gcc/arm-elf/4.0.2/../../../../arm-elf/lib/thumb/interwork/libc.a(__call_atexit.o)
 .debug_info    0x00000000000098a5      0xd65 /home/snegovick/dev/arm/usr/bin/../lib/gcc/arm-elf/4.0.2/../../../../arm-elf/lib/thumb/interwork/libc.a(dtoa.o)
 .debug_info    0x000000000000a60a      0x914 /home/snegovick/dev/arm/usr/bin/../lib/gcc/arm-elf/4.0.2/../../../../arm-elf/lib/thumb/interwork/libc.a(errno.o)
 .debug_info    0x000000000000af1e      0x973 /home/snegovick/dev/arm/usr/bin/../lib/gcc/arm-elf/4.0.2/../../../../arm-elf/lib/thumb/interwork/libc.a(fflush.o)
 .debug_info    0x000000000000b891      0xb67 /home/snegovick/dev/arm/usr/bin/../lib/gcc/arm-elf/4.0.2/../../../../arm-elf/lib/thumb/interwork/libc.a(findfp.o)
 .debug_info    0x000000000000c3f8      0xbb3 /home/snegovick/dev/arm/usr/bin/../lib/gcc/arm-elf/4.0.2/../../../../arm-elf/lib/thumb/interwork/libc.a(freer.o)
 .debug_info    0x000000000000cfab      0xa63 /home/snegovick/dev/arm/usr/bin/../lib/gcc/arm-elf/4.0.2/../../../../arm-elf/lib/thumb/interwork/libc.a(fvwrite.o)
 .debug_info    0x000000000000da0e      0xadb /home/snegovick/dev/arm/usr/bin/../lib/gcc/arm-elf/4.0.2/../../../../arm-elf/lib/thumb/interwork/libc.a(fwalk.o)
 .debug_info    0x000000000000e4e9      0xb7c /home/snegovick/dev/arm/usr/bin/../lib/gcc/arm-elf/4.0.2/../../../../arm-elf/lib/thumb/interwork/libc.a(locale.o)
 .debug_info    0x000000000000f065      0xad8 /home/snegovick/dev/arm/usr/bin/../lib/gcc/arm-elf/4.0.2/../../../../arm-elf/lib/thumb/interwork/libc.a(makebuf.o)
 .debug_info    0x000000000000fb3d      0x955 /home/snegovick/dev/arm/usr/bin/../lib/gcc/arm-elf/4.0.2/../../../../arm-elf/lib/thumb/interwork/libc.a(malloc.o)
 .debug_info    0x0000000000010492      0xcbd /home/snegovick/dev/arm/usr/bin/../lib/gcc/arm-elf/4.0.2/../../../../arm-elf/lib/thumb/interwork/libc.a(mallocr.o)
 .debug_info    0x000000000001114f      0x136 /home/snegovick/dev/arm/usr/bin/../lib/gcc/arm-elf/4.0.2/../../../../arm-elf/lib/thumb/interwork/libc.a(memchr.o)
 .debug_info    0x0000000000011285      0x13e /home/snegovick/dev/arm/usr/bin/../lib/gcc/arm-elf/4.0.2/../../../../arm-elf/lib/thumb/interwork/libc.a(memmove.o)
 .debug_info    0x00000000000113c3      0x93e /home/snegovick/dev/arm/usr/bin/../lib/gcc/arm-elf/4.0.2/../../../../arm-elf/lib/thumb/interwork/libc.a(mlock.o)
 .debug_info    0x0000000000011d01     0x1332 /home/snegovick/dev/arm/usr/bin/../lib/gcc/arm-elf/4.0.2/../../../../arm-elf/lib/thumb/interwork/libc.a(mprec.o)
 .debug_info    0x0000000000013033      0xbc3 /home/snegovick/dev/arm/usr/bin/../lib/gcc/arm-elf/4.0.2/../../../../arm-elf/lib/thumb/interwork/libc.a(reallocr.o)
 .debug_info    0x0000000000013bf6      0x951 /home/snegovick/dev/arm/usr/bin/../lib/gcc/arm-elf/4.0.2/../../../../arm-elf/lib/thumb/interwork/libc.a(sbrkr.o)
 .debug_info    0x0000000000014547       0xd8 /home/snegovick/dev/arm/usr/bin/../lib/gcc/arm-elf/4.0.2/../../../../arm-elf/lib/thumb/interwork/libc.a(s_isinf.o)
 .debug_info    0x000000000001461f       0xd6 /home/snegovick/dev/arm/usr/bin/../lib/gcc/arm-elf/4.0.2/../../../../arm-elf/lib/thumb/interwork/libc.a(s_isnan.o)
 .debug_info    0x00000000000146f5      0xa70 /home/snegovick/dev/arm/usr/bin/../lib/gcc/arm-elf/4.0.2/../../../../arm-elf/lib/thumb/interwork/libc.a(stdio.o)
 .debug_info    0x0000000000015165       0xd9 /home/snegovick/dev/arm/usr/bin/../lib/gcc/arm-elf/4.0.2/../../../../arm-elf/lib/thumb/interwork/libc.a(strcmp.o)
 .debug_info    0x000000000001523e       0xd5 /home/snegovick/dev/arm/usr/bin/../lib/gcc/arm-elf/4.0.2/../../../../arm-elf/lib/thumb/interwork/libc.a(strlen.o)
 .debug_info    0x0000000000015313      0x980 /home/snegovick/dev/arm/usr/bin/../lib/gcc/arm-elf/4.0.2/../../../../arm-elf/lib/thumb/interwork/libc.a(writer.o)
 .debug_info    0x0000000000015c93      0xa02 /home/snegovick/dev/arm/usr/bin/../lib/gcc/arm-elf/4.0.2/../../../../arm-elf/lib/thumb/interwork/libc.a(callocr.o)
 .debug_info    0x0000000000016695      0x945 /home/snegovick/dev/arm/usr/bin/../lib/gcc/arm-elf/4.0.2/../../../../arm-elf/lib/thumb/interwork/libc.a(closer.o)
 .debug_info    0x0000000000016fda      0x980 /home/snegovick/dev/arm/usr/bin/../lib/gcc/arm-elf/4.0.2/../../../../arm-elf/lib/thumb/interwork/libc.a(fclose.o)
 .debug_info    0x000000000001795a      0xabd /home/snegovick/dev/arm/usr/bin/../lib/gcc/arm-elf/4.0.2/../../../../arm-elf/lib/thumb/interwork/libc.a(fstatr.o)
 .debug_info    0x0000000000018417      0x96a /home/snegovick/dev/arm/usr/bin/../lib/gcc/arm-elf/4.0.2/../../../../arm-elf/lib/thumb/interwork/libc.a(lseekr.o)
 .debug_info    0x0000000000018d81      0x979 /home/snegovick/dev/arm/usr/bin/../lib/gcc/arm-elf/4.0.2/../../../../arm-elf/lib/thumb/interwork/libc.a(readr.o)
 .debug_info    0x00000000000196fa      0x9fe /home/snegovick/dev/arm/usr/bin/../lib/gcc/arm-elf/4.0.2/../../../../arm-elf/lib/thumb/interwork/libc.a(reent.o)
 .debug_info    0x000000000001a0f8       0x71 /home/snegovick/dev/arm/usr/bin/../lib/gcc/arm-elf/4.0.2/thumb/interwork/libgcc.a(_umodsi3.o)

.debug_line     0x0000000000000000     0x521d
 .debug_line    0x0000000000000000       0xc7 /home/snegovick/dev/arm/usr/bin/../lib/gcc/arm-elf/4.0.2/../../../../arm-elf/lib/thumb/interwork/libm.a(s_cos.o)
 .debug_line    0x00000000000000c7       0xc8 /home/snegovick/dev/arm/usr/bin/../lib/gcc/arm-elf/4.0.2/../../../../arm-elf/lib/thumb/interwork/libm.a(s_sin.o)
 .debug_line    0x000000000000018f      0x17a /home/snegovick/dev/arm/usr/bin/../lib/gcc/arm-elf/4.0.2/../../../../arm-elf/lib/thumb/interwork/libm.a(e_rem_pio2.o)
 .debug_line    0x0000000000000309      0x119 /home/snegovick/dev/arm/usr/bin/../lib/gcc/arm-elf/4.0.2/../../../../arm-elf/lib/thumb/interwork/libm.a(k_cos.o)
 .debug_line    0x0000000000000422      0x19e /home/snegovick/dev/arm/usr/bin/../lib/gcc/arm-elf/4.0.2/../../../../arm-elf/lib/thumb/interwork/libm.a(k_rem_pio2.o)
 .debug_line    0x00000000000005c0       0xbf /home/snegovick/dev/arm/usr/bin/../lib/gcc/arm-elf/4.0.2/../../../../arm-elf/lib/thumb/interwork/libm.a(k_sin.o)
 .debug_line    0x000000000000067f       0xfa /home/snegovick/dev/arm/usr/bin/../lib/gcc/arm-elf/4.0.2/../../../../arm-elf/lib/thumb/interwork/libm.a(s_fabs.o)
 .debug_line    0x0000000000000779      0x123 /home/snegovick/dev/arm/usr/bin/../lib/gcc/arm-elf/4.0.2/../../../../arm-elf/lib/thumb/interwork/libm.a(s_floor.o)
 .debug_line    0x000000000000089c       0xe0 /home/snegovick/dev/arm/usr/bin/../lib/gcc/arm-elf/4.0.2/../../../../arm-elf/lib/thumb/interwork/libm.a(s_scalbn.o)
 .debug_line    0x000000000000097c       0xc5 /home/snegovick/dev/arm/usr/bin/../lib/gcc/arm-elf/4.0.2/../../../../arm-elf/lib/thumb/interwork/libm.a(s_copysign.o)
 .debug_line    0x0000000000000a41       0x70 /home/snegovick/dev/arm/usr/bin/../lib/gcc/arm-elf/4.0.2/thumb/interwork/libgcc.a(_udivsi3.o)
 .debug_line    0x0000000000000ab1       0x7c /home/snegovick/dev/arm/usr/bin/../lib/gcc/arm-elf/4.0.2/thumb/interwork/libgcc.a(_divsi3.o)
 .debug_line    0x0000000000000b2d       0x71 /home/snegovick/dev/arm/usr/bin/../lib/gcc/arm-elf/4.0.2/thumb/interwork/libgcc.a(_modsi3.o)
 .debug_line    0x0000000000000b9e       0x5a /home/snegovick/dev/arm/usr/bin/../lib/gcc/arm-elf/4.0.2/thumb/interwork/libgcc.a(_dvmd_tls.o)
 .debug_line    0x0000000000000bf8      0x162 /home/snegovick/dev/arm/usr/bin/../lib/gcc/arm-elf/4.0.2/thumb/interwork/libgcc.a(_addsubdf3.o)
 .debug_line    0x0000000000000d5a      0x177 /home/snegovick/dev/arm/usr/bin/../lib/gcc/arm-elf/4.0.2/thumb/interwork/libgcc.a(_muldivdf3.o)
 .debug_line    0x0000000000000ed1       0xa4 /home/snegovick/dev/arm/usr/bin/../lib/gcc/arm-elf/4.0.2/thumb/interwork/libgcc.a(_cmpdf2.o)
 .debug_line    0x0000000000000f75       0x6f /home/snegovick/dev/arm/usr/bin/../lib/gcc/arm-elf/4.0.2/thumb/interwork/libgcc.a(_fixdfsi.o)
 .debug_line    0x0000000000000fe4      0x109 /home/snegovick/dev/arm/usr/bin/../lib/gcc/arm-elf/4.0.2/../../../../arm-elf/lib/thumb/interwork/libc.a(exit.o)
 .debug_line    0x00000000000010ed      0x150 /home/snegovick/dev/arm/usr/bin/../lib/gcc/arm-elf/4.0.2/../../../../arm-elf/lib/thumb/interwork/libc.a(fprintf.o)
 .debug_line    0x000000000000123d       0xf5 /home/snegovick/dev/arm/usr/bin/../lib/gcc/arm-elf/4.0.2/../../../../arm-elf/lib/thumb/interwork/libc.a(impure.o)
 .debug_line    0x0000000000001332       0xce /home/snegovick/dev/arm/usr/bin/../lib/gcc/arm-elf/4.0.2/../../../../arm-elf/lib/thumb/interwork/libc.a(memcpy.o)
 .debug_line    0x0000000000001400       0xdf /home/snegovick/dev/arm/usr/bin/../lib/gcc/arm-elf/4.0.2/../../../../arm-elf/lib/thumb/interwork/libc.a(memset.o)
 .debug_line    0x00000000000014df      0x183 /home/snegovick/dev/arm/usr/bin/../lib/gcc/arm-elf/4.0.2/../../../../arm-elf/lib/thumb/interwork/libc.a(sprintf.o)
 .debug_line    0x0000000000001662       0x7f /home/snegovick/dev/arm/usr/bin/../lib/gcc/arm-elf/4.0.2/../../../../arm-elf/lib/thumb/interwork/libc.a(strcat.o)
 .debug_line    0x00000000000016e1       0x80 /home/snegovick/dev/arm/usr/bin/../lib/gcc/arm-elf/4.0.2/../../../../arm-elf/lib/thumb/interwork/libc.a(strcpy.o)
 .debug_line    0x0000000000001761       0xcd /home/snegovick/dev/arm/usr/bin/../lib/gcc/arm-elf/4.0.2/../../../../arm-elf/lib/thumb/interwork/libc.a(strncpy.o)
 .debug_line    0x000000000000182e      0x2ca /home/snegovick/dev/arm/usr/bin/../lib/gcc/arm-elf/4.0.2/../../../../arm-elf/lib/thumb/interwork/libc.a(syscalls.o)
 .debug_line    0x0000000000001af8      0x580 /home/snegovick/dev/arm/usr/bin/../lib/gcc/arm-elf/4.0.2/../../../../arm-elf/lib/thumb/interwork/libc.a(vfprintf.o)
 .debug_line    0x0000000000002078      0x155 /home/snegovick/dev/arm/usr/bin/../lib/gcc/arm-elf/4.0.2/../../../../arm-elf/lib/thumb/interwork/libc.a(wcrtomb.o)
 .debug_line    0x00000000000021cd      0x183 /home/snegovick/dev/arm/usr/bin/../lib/gcc/arm-elf/4.0.2/../../../../arm-elf/lib/thumb/interwork/libc.a(wcsrtombs.o)
 .debug_line    0x0000000000002350      0x1cb /home/snegovick/dev/arm/usr/bin/../lib/gcc/arm-elf/4.0.2/../../../../arm-elf/lib/thumb/interwork/libc.a(wctomb_r.o)
 .debug_line    0x000000000000251b      0x165 /home/snegovick/dev/arm/usr/bin/../lib/gcc/arm-elf/4.0.2/../../../../arm-elf/lib/thumb/interwork/libc.a(wsetup.o)
 .debug_line    0x0000000000002680      0x15f /home/snegovick/dev/arm/usr/bin/../lib/gcc/arm-elf/4.0.2/../../../../arm-elf/lib/thumb/interwork/libc.a(__call_atexit.o)
 .debug_line    0x00000000000027df      0x436 /home/snegovick/dev/arm/usr/bin/../lib/gcc/arm-elf/4.0.2/../../../../arm-elf/lib/thumb/interwork/libc.a(dtoa.o)
 .debug_line    0x0000000000002c15      0x104 /home/snegovick/dev/arm/usr/bin/../lib/gcc/arm-elf/4.0.2/../../../../arm-elf/lib/thumb/interwork/libc.a(errno.o)
 .debug_line    0x0000000000002d19      0x15f /home/snegovick/dev/arm/usr/bin/../lib/gcc/arm-elf/4.0.2/../../../../arm-elf/lib/thumb/interwork/libc.a(fflush.o)
 .debug_line    0x0000000000002e78      0x1b7 /home/snegovick/dev/arm/usr/bin/../lib/gcc/arm-elf/4.0.2/../../../../arm-elf/lib/thumb/interwork/libc.a(findfp.o)
 .debug_line    0x000000000000302f      0x176 /home/snegovick/dev/arm/usr/bin/../lib/gcc/arm-elf/4.0.2/../../../../arm-elf/lib/thumb/interwork/libc.a(freer.o)
 .debug_line    0x00000000000031a5      0x1e8 /home/snegovick/dev/arm/usr/bin/../lib/gcc/arm-elf/4.0.2/../../../../arm-elf/lib/thumb/interwork/libc.a(fvwrite.o)
 .debug_line    0x000000000000338d      0x171 /home/snegovick/dev/arm/usr/bin/../lib/gcc/arm-elf/4.0.2/../../../../arm-elf/lib/thumb/interwork/libc.a(fwalk.o)
 .debug_line    0x00000000000034fe      0x15e /home/snegovick/dev/arm/usr/bin/../lib/gcc/arm-elf/4.0.2/../../../../arm-elf/lib/thumb/interwork/libc.a(locale.o)
 .debug_line    0x000000000000365c      0x17f /home/snegovick/dev/arm/usr/bin/../lib/gcc/arm-elf/4.0.2/../../../../arm-elf/lib/thumb/interwork/libc.a(makebuf.o)
 .debug_line    0x00000000000037db      0x10f /home/snegovick/dev/arm/usr/bin/../lib/gcc/arm-elf/4.0.2/../../../../arm-elf/lib/thumb/interwork/libc.a(malloc.o)
 .debug_line    0x00000000000038ea      0x24f /home/snegovick/dev/arm/usr/bin/../lib/gcc/arm-elf/4.0.2/../../../../arm-elf/lib/thumb/interwork/libc.a(mallocr.o)
 .debug_line    0x0000000000003b39       0xe5 /home/snegovick/dev/arm/usr/bin/../lib/gcc/arm-elf/4.0.2/../../../../arm-elf/lib/thumb/interwork/libc.a(memchr.o)
 .debug_line    0x0000000000003c1e       0xd9 /home/snegovick/dev/arm/usr/bin/../lib/gcc/arm-elf/4.0.2/../../../../arm-elf/lib/thumb/interwork/libc.a(memmove.o)
 .debug_line    0x0000000000003cf7      0x107 /home/snegovick/dev/arm/usr/bin/../lib/gcc/arm-elf/4.0.2/../../../../arm-elf/lib/thumb/interwork/libc.a(mlock.o)
 .debug_line    0x0000000000003dfe      0x3ba /home/snegovick/dev/arm/usr/bin/../lib/gcc/arm-elf/4.0.2/../../../../arm-elf/lib/thumb/interwork/libc.a(mprec.o)
 .debug_line    0x00000000000041b8      0x1ae /home/snegovick/dev/arm/usr/bin/../lib/gcc/arm-elf/4.0.2/../../../../arm-elf/lib/thumb/interwork/libc.a(reallocr.o)
 .debug_line    0x0000000000004366      0x10a /home/snegovick/dev/arm/usr/bin/../lib/gcc/arm-elf/4.0.2/../../../../arm-elf/lib/thumb/interwork/libc.a(sbrkr.o)
 .debug_line    0x0000000000004470       0xb0 /home/snegovick/dev/arm/usr/bin/../lib/gcc/arm-elf/4.0.2/../../../../arm-elf/lib/thumb/interwork/libc.a(s_isinf.o)
 .debug_line    0x0000000000004520       0xb0 /home/snegovick/dev/arm/usr/bin/../lib/gcc/arm-elf/4.0.2/../../../../arm-elf/lib/thumb/interwork/libc.a(s_isnan.o)
 .debug_line    0x00000000000045d0      0x170 /home/snegovick/dev/arm/usr/bin/../lib/gcc/arm-elf/4.0.2/../../../../arm-elf/lib/thumb/interwork/libc.a(stdio.o)
 .debug_line    0x0000000000004740       0x88 /home/snegovick/dev/arm/usr/bin/../lib/gcc/arm-elf/4.0.2/../../../../arm-elf/lib/thumb/interwork/libc.a(strcmp.o)
 .debug_line    0x00000000000047c8       0xba /home/snegovick/dev/arm/usr/bin/../lib/gcc/arm-elf/4.0.2/../../../../arm-elf/lib/thumb/interwork/libc.a(strlen.o)
 .debug_line    0x0000000000004882      0x10b /home/snegovick/dev/arm/usr/bin/../lib/gcc/arm-elf/4.0.2/../../../../arm-elf/lib/thumb/interwork/libc.a(writer.o)
 .debug_line    0x000000000000498d      0x110 /home/snegovick/dev/arm/usr/bin/../lib/gcc/arm-elf/4.0.2/../../../../arm-elf/lib/thumb/interwork/libc.a(callocr.o)
 .debug_line    0x0000000000004a9d      0x10b /home/snegovick/dev/arm/usr/bin/../lib/gcc/arm-elf/4.0.2/../../../../arm-elf/lib/thumb/interwork/libc.a(closer.o)
 .debug_line    0x0000000000004ba8      0x161 /home/snegovick/dev/arm/usr/bin/../lib/gcc/arm-elf/4.0.2/../../../../arm-elf/lib/thumb/interwork/libc.a(fclose.o)
 .debug_line    0x0000000000004d09      0x15b /home/snegovick/dev/arm/usr/bin/../lib/gcc/arm-elf/4.0.2/../../../../arm-elf/lib/thumb/interwork/libc.a(fstatr.o)
 .debug_line    0x0000000000004e64      0x10b /home/snegovick/dev/arm/usr/bin/../lib/gcc/arm-elf/4.0.2/../../../../arm-elf/lib/thumb/interwork/libc.a(lseekr.o)
 .debug_line    0x0000000000004f6f      0x10a /home/snegovick/dev/arm/usr/bin/../lib/gcc/arm-elf/4.0.2/../../../../arm-elf/lib/thumb/interwork/libc.a(readr.o)
 .debug_line    0x0000000000005079      0x13c /home/snegovick/dev/arm/usr/bin/../lib/gcc/arm-elf/4.0.2/../../../../arm-elf/lib/thumb/interwork/libc.a(reent.o)
 .debug_line    0x00000000000051b5       0x68 /home/snegovick/dev/arm/usr/bin/../lib/gcc/arm-elf/4.0.2/thumb/interwork/libgcc.a(_umodsi3.o)

.debug_frame    0x0000000000000000     0x1228
 .debug_frame   0x0000000000000000       0x30 /home/snegovick/dev/arm/usr/bin/../lib/gcc/arm-elf/4.0.2/../../../../arm-elf/lib/thumb/interwork/libm.a(s_cos.o)
 .debug_frame   0x0000000000000030       0x30 /home/snegovick/dev/arm/usr/bin/../lib/gcc/arm-elf/4.0.2/../../../../arm-elf/lib/thumb/interwork/libm.a(s_sin.o)
 .debug_frame   0x0000000000000060       0x3c /home/snegovick/dev/arm/usr/bin/../lib/gcc/arm-elf/4.0.2/../../../../arm-elf/lib/thumb/interwork/libm.a(e_rem_pio2.o)
 .debug_frame   0x000000000000009c       0x38 /home/snegovick/dev/arm/usr/bin/../lib/gcc/arm-elf/4.0.2/../../../../arm-elf/lib/thumb/interwork/libm.a(k_cos.o)
 .debug_frame   0x00000000000000d4       0x3c /home/snegovick/dev/arm/usr/bin/../lib/gcc/arm-elf/4.0.2/../../../../arm-elf/lib/thumb/interwork/libm.a(k_rem_pio2.o)
 .debug_frame   0x0000000000000110       0x30 /home/snegovick/dev/arm/usr/bin/../lib/gcc/arm-elf/4.0.2/../../../../arm-elf/lib/thumb/interwork/libm.a(k_sin.o)
 .debug_frame   0x0000000000000140       0x2c /home/snegovick/dev/arm/usr/bin/../lib/gcc/arm-elf/4.0.2/../../../../arm-elf/lib/thumb/interwork/libm.a(s_fabs.o)
 .debug_frame   0x000000000000016c       0x3c /home/snegovick/dev/arm/usr/bin/../lib/gcc/arm-elf/4.0.2/../../../../arm-elf/lib/thumb/interwork/libm.a(s_floor.o)
 .debug_frame   0x00000000000001a8       0x34 /home/snegovick/dev/arm/usr/bin/../lib/gcc/arm-elf/4.0.2/../../../../arm-elf/lib/thumb/interwork/libm.a(s_scalbn.o)
 .debug_frame   0x00000000000001dc       0x30 /home/snegovick/dev/arm/usr/bin/../lib/gcc/arm-elf/4.0.2/../../../../arm-elf/lib/thumb/interwork/libm.a(s_copysign.o)
 .debug_frame   0x000000000000020c       0x28 /home/snegovick/dev/arm/usr/bin/../lib/gcc/arm-elf/4.0.2/../../../../arm-elf/lib/thumb/interwork/libc.a(exit.o)
 .debug_frame   0x0000000000000234       0x2c /home/snegovick/dev/arm/usr/bin/../lib/gcc/arm-elf/4.0.2/../../../../arm-elf/lib/thumb/interwork/libc.a(fprintf.o)
 .debug_frame   0x0000000000000260       0x2c /home/snegovick/dev/arm/usr/bin/../lib/gcc/arm-elf/4.0.2/../../../../arm-elf/lib/thumb/interwork/libc.a(memcpy.o)
 .debug_frame   0x000000000000028c       0x2c /home/snegovick/dev/arm/usr/bin/../lib/gcc/arm-elf/4.0.2/../../../../arm-elf/lib/thumb/interwork/libc.a(memset.o)
 .debug_frame   0x00000000000002b8       0x50 /home/snegovick/dev/arm/usr/bin/../lib/gcc/arm-elf/4.0.2/../../../../arm-elf/lib/thumb/interwork/libc.a(sprintf.o)
 .debug_frame   0x0000000000000308       0x2c /home/snegovick/dev/arm/usr/bin/../lib/gcc/arm-elf/4.0.2/../../../../arm-elf/lib/thumb/interwork/libc.a(strcat.o)
 .debug_frame   0x0000000000000334       0x2c /home/snegovick/dev/arm/usr/bin/../lib/gcc/arm-elf/4.0.2/../../../../arm-elf/lib/thumb/interwork/libc.a(strcpy.o)
 .debug_frame   0x0000000000000360       0x30 /home/snegovick/dev/arm/usr/bin/../lib/gcc/arm-elf/4.0.2/../../../../arm-elf/lib/thumb/interwork/libc.a(strncpy.o)
 .debug_frame   0x0000000000000390      0x30c /home/snegovick/dev/arm/usr/bin/../lib/gcc/arm-elf/4.0.2/../../../../arm-elf/lib/thumb/interwork/libc.a(syscalls.o)
 .debug_frame   0x000000000000069c       0x70 /home/snegovick/dev/arm/usr/bin/../lib/gcc/arm-elf/4.0.2/../../../../arm-elf/lib/thumb/interwork/libc.a(vfprintf.o)
 .debug_frame   0x000000000000070c       0x48 /home/snegovick/dev/arm/usr/bin/../lib/gcc/arm-elf/4.0.2/../../../../arm-elf/lib/thumb/interwork/libc.a(wcrtomb.o)
 .debug_frame   0x0000000000000754       0x5c /home/snegovick/dev/arm/usr/bin/../lib/gcc/arm-elf/4.0.2/../../../../arm-elf/lib/thumb/interwork/libc.a(wcsrtombs.o)
 .debug_frame   0x00000000000007b0       0x30 /home/snegovick/dev/arm/usr/bin/../lib/gcc/arm-elf/4.0.2/../../../../arm-elf/lib/thumb/interwork/libc.a(wctomb_r.o)
 .debug_frame   0x00000000000007e0       0x2c /home/snegovick/dev/arm/usr/bin/../lib/gcc/arm-elf/4.0.2/../../../../arm-elf/lib/thumb/interwork/libc.a(wsetup.o)
 .debug_frame   0x000000000000080c       0x3c /home/snegovick/dev/arm/usr/bin/../lib/gcc/arm-elf/4.0.2/../../../../arm-elf/lib/thumb/interwork/libc.a(__call_atexit.o)
 .debug_frame   0x0000000000000848       0x68 /home/snegovick/dev/arm/usr/bin/../lib/gcc/arm-elf/4.0.2/../../../../arm-elf/lib/thumb/interwork/libc.a(dtoa.o)
 .debug_frame   0x00000000000008b0       0x20 /home/snegovick/dev/arm/usr/bin/../lib/gcc/arm-elf/4.0.2/../../../../arm-elf/lib/thumb/interwork/libc.a(errno.o)
 .debug_frame   0x00000000000008d0       0x2c /home/snegovick/dev/arm/usr/bin/../lib/gcc/arm-elf/4.0.2/../../../../arm-elf/lib/thumb/interwork/libc.a(fflush.o)
 .debug_frame   0x00000000000008fc      0x134 /home/snegovick/dev/arm/usr/bin/../lib/gcc/arm-elf/4.0.2/../../../../arm-elf/lib/thumb/interwork/libc.a(findfp.o)
 .debug_frame   0x0000000000000a30       0x54 /home/snegovick/dev/arm/usr/bin/../lib/gcc/arm-elf/4.0.2/../../../../arm-elf/lib/thumb/interwork/libc.a(freer.o)
 .debug_frame   0x0000000000000a84       0x3c /home/snegovick/dev/arm/usr/bin/../lib/gcc/arm-elf/4.0.2/../../../../arm-elf/lib/thumb/interwork/libc.a(fvwrite.o)
 .debug_frame   0x0000000000000ac0       0x5c /home/snegovick/dev/arm/usr/bin/../lib/gcc/arm-elf/4.0.2/../../../../arm-elf/lib/thumb/interwork/libc.a(fwalk.o)
 .debug_frame   0x0000000000000b1c       0x7c /home/snegovick/dev/arm/usr/bin/../lib/gcc/arm-elf/4.0.2/../../../../arm-elf/lib/thumb/interwork/libc.a(locale.o)
 .debug_frame   0x0000000000000b98       0x30 /home/snegovick/dev/arm/usr/bin/../lib/gcc/arm-elf/4.0.2/../../../../arm-elf/lib/thumb/interwork/libc.a(makebuf.o)
 .debug_frame   0x0000000000000bc8       0x40 /home/snegovick/dev/arm/usr/bin/../lib/gcc/arm-elf/4.0.2/../../../../arm-elf/lib/thumb/interwork/libc.a(malloc.o)
 .debug_frame   0x0000000000000c08       0x3c /home/snegovick/dev/arm/usr/bin/../lib/gcc/arm-elf/4.0.2/../../../../arm-elf/lib/thumb/interwork/libc.a(mallocr.o)
 .debug_frame   0x0000000000000c44       0x30 /home/snegovick/dev/arm/usr/bin/../lib/gcc/arm-elf/4.0.2/../../../../arm-elf/lib/thumb/interwork/libc.a(memchr.o)
 .debug_frame   0x0000000000000c74       0x30 /home/snegovick/dev/arm/usr/bin/../lib/gcc/arm-elf/4.0.2/../../../../arm-elf/lib/thumb/interwork/libc.a(memmove.o)
 .debug_frame   0x0000000000000ca4       0x30 /home/snegovick/dev/arm/usr/bin/../lib/gcc/arm-elf/4.0.2/../../../../arm-elf/lib/thumb/interwork/libc.a(mlock.o)
 .debug_frame   0x0000000000000cd4      0x224 /home/snegovick/dev/arm/usr/bin/../lib/gcc/arm-elf/4.0.2/../../../../arm-elf/lib/thumb/interwork/libc.a(mprec.o)
 .debug_frame   0x0000000000000ef8       0x3c /home/snegovick/dev/arm/usr/bin/../lib/gcc/arm-elf/4.0.2/../../../../arm-elf/lib/thumb/interwork/libc.a(reallocr.o)
 .debug_frame   0x0000000000000f34       0x2c /home/snegovick/dev/arm/usr/bin/../lib/gcc/arm-elf/4.0.2/../../../../arm-elf/lib/thumb/interwork/libc.a(sbrkr.o)
 .debug_frame   0x0000000000000f60       0x20 /home/snegovick/dev/arm/usr/bin/../lib/gcc/arm-elf/4.0.2/../../../../arm-elf/lib/thumb/interwork/libc.a(s_isinf.o)
 .debug_frame   0x0000000000000f80       0x20 /home/snegovick/dev/arm/usr/bin/../lib/gcc/arm-elf/4.0.2/../../../../arm-elf/lib/thumb/interwork/libc.a(s_isnan.o)
 .debug_frame   0x0000000000000fa0       0x7c /home/snegovick/dev/arm/usr/bin/../lib/gcc/arm-elf/4.0.2/../../../../arm-elf/lib/thumb/interwork/libc.a(stdio.o)
 .debug_frame   0x000000000000101c       0x2c /home/snegovick/dev/arm/usr/bin/../lib/gcc/arm-elf/4.0.2/../../../../arm-elf/lib/thumb/interwork/libc.a(strcmp.o)
 .debug_frame   0x0000000000001048       0x2c /home/snegovick/dev/arm/usr/bin/../lib/gcc/arm-elf/4.0.2/../../../../arm-elf/lib/thumb/interwork/libc.a(strlen.o)
 .debug_frame   0x0000000000001074       0x2c /home/snegovick/dev/arm/usr/bin/../lib/gcc/arm-elf/4.0.2/../../../../arm-elf/lib/thumb/interwork/libc.a(writer.o)
 .debug_frame   0x00000000000010a0       0x28 /home/snegovick/dev/arm/usr/bin/../lib/gcc/arm-elf/4.0.2/../../../../arm-elf/lib/thumb/interwork/libc.a(callocr.o)
 .debug_frame   0x00000000000010c8       0x2c /home/snegovick/dev/arm/usr/bin/../lib/gcc/arm-elf/4.0.2/../../../../arm-elf/lib/thumb/interwork/libc.a(closer.o)
 .debug_frame   0x00000000000010f4       0x44 /home/snegovick/dev/arm/usr/bin/../lib/gcc/arm-elf/4.0.2/../../../../arm-elf/lib/thumb/interwork/libc.a(fclose.o)
 .debug_frame   0x0000000000001138       0x2c /home/snegovick/dev/arm/usr/bin/../lib/gcc/arm-elf/4.0.2/../../../../arm-elf/lib/thumb/interwork/libc.a(fstatr.o)
 .debug_frame   0x0000000000001164       0x2c /home/snegovick/dev/arm/usr/bin/../lib/gcc/arm-elf/4.0.2/../../../../arm-elf/lib/thumb/interwork/libc.a(lseekr.o)
 .debug_frame   0x0000000000001190       0x2c /home/snegovick/dev/arm/usr/bin/../lib/gcc/arm-elf/4.0.2/../../../../arm-elf/lib/thumb/interwork/libc.a(readr.o)
 .debug_frame   0x00000000000011bc       0x6c /home/snegovick/dev/arm/usr/bin/../lib/gcc/arm-elf/4.0.2/../../../../arm-elf/lib/thumb/interwork/libc.a(reent.o)

.debug_loc      0x0000000000000000     0xa8b4
 .debug_loc     0x0000000000000000       0xdd /home/snegovick/dev/arm/usr/bin/../lib/gcc/arm-elf/4.0.2/../../../../arm-elf/lib/thumb/interwork/libm.a(s_cos.o)
 .debug_loc     0x00000000000000dd       0xbc /home/snegovick/dev/arm/usr/bin/../lib/gcc/arm-elf/4.0.2/../../../../arm-elf/lib/thumb/interwork/libm.a(s_sin.o)
 .debug_loc     0x0000000000000199      0x3da /home/snegovick/dev/arm/usr/bin/../lib/gcc/arm-elf/4.0.2/../../../../arm-elf/lib/thumb/interwork/libm.a(e_rem_pio2.o)